Archive member included to satisfy reference by file (symbol)

/private/tmp/arm-gnu-toolchain-13.2.Rel1-darwin-arm64-arm-none-eabi/bin/../lib/gcc/arm-none-eabi/13.2.1/../../../../arm-none-eabi/lib/thumb/v7e-m+fp/hard/libc_nano.a(libc_a-exit.o)
                              /private/tmp/arm-gnu-toolchain-13.2.Rel1-darwin-arm64-arm-none-eabi/bin/../lib/gcc/arm-none-eabi/13.2.1/../../../../arm-none-eabi/lib/thumb/v7e-m+fp/hard/crt0.o (exit)
/private/tmp/arm-gnu-toolchain-13.2.Rel1-darwin-arm64-arm-none-eabi/bin/../lib/gcc/arm-none-eabi/13.2.1/../../../../arm-none-eabi/lib/thumb/v7e-m+fp/hard/libc_nano.a(libc_a-snprintf.o)
                              _build/nrf52840_xxaa/app_usbd_serial_num.c.o (snprintf)
/private/tmp/arm-gnu-toolchain-13.2.Rel1-darwin-arm64-arm-none-eabi/bin/../lib/gcc/arm-none-eabi/13.2.1/../../../../arm-none-eabi/lib/thumb/v7e-m+fp/hard/libc_nano.a(libc_a-findfp.o)
                              /private/tmp/arm-gnu-toolchain-13.2.Rel1-darwin-arm64-arm-none-eabi/bin/../lib/gcc/arm-none-eabi/13.2.1/../../../../arm-none-eabi/lib/thumb/v7e-m+fp/hard/libc_nano.a(libc_a-exit.o) (__stdio_exit_handler)
/private/tmp/arm-gnu-toolchain-13.2.Rel1-darwin-arm64-arm-none-eabi/bin/../lib/gcc/arm-none-eabi/13.2.1/../../../../arm-none-eabi/lib/thumb/v7e-m+fp/hard/libc_nano.a(libc_a-fwalk.o)
                              /private/tmp/arm-gnu-toolchain-13.2.Rel1-darwin-arm64-arm-none-eabi/bin/../lib/gcc/arm-none-eabi/13.2.1/../../../../arm-none-eabi/lib/thumb/v7e-m+fp/hard/libc_nano.a(libc_a-findfp.o) (_fwalk_sglue)
/private/tmp/arm-gnu-toolchain-13.2.Rel1-darwin-arm64-arm-none-eabi/bin/../lib/gcc/arm-none-eabi/13.2.1/../../../../arm-none-eabi/lib/thumb/v7e-m+fp/hard/libc_nano.a(libc_a-strncmp.o)
                              _build/nrf52840_xxaa/nrf_log_frontend.c.o (strncmp)
/private/tmp/arm-gnu-toolchain-13.2.Rel1-darwin-arm64-arm-none-eabi/bin/../lib/gcc/arm-none-eabi/13.2.1/../../../../arm-none-eabi/lib/thumb/v7e-m+fp/hard/libc_nano.a(libc_a-memset.o)
                              /private/tmp/arm-gnu-toolchain-13.2.Rel1-darwin-arm64-arm-none-eabi/bin/../lib/gcc/arm-none-eabi/13.2.1/../../../../arm-none-eabi/lib/thumb/v7e-m+fp/hard/crt0.o (memset)
/private/tmp/arm-gnu-toolchain-13.2.Rel1-darwin-arm64-arm-none-eabi/bin/../lib/gcc/arm-none-eabi/13.2.1/../../../../arm-none-eabi/lib/thumb/v7e-m+fp/hard/libc_nano.a(libc_a-impure.o)
                              /private/tmp/arm-gnu-toolchain-13.2.Rel1-darwin-arm64-arm-none-eabi/bin/../lib/gcc/arm-none-eabi/13.2.1/../../../../arm-none-eabi/lib/thumb/v7e-m+fp/hard/libc_nano.a(libc_a-snprintf.o) (_impure_ptr)
/private/tmp/arm-gnu-toolchain-13.2.Rel1-darwin-arm64-arm-none-eabi/bin/../lib/gcc/arm-none-eabi/13.2.1/../../../../arm-none-eabi/lib/thumb/v7e-m+fp/hard/libc_nano.a(libc_a-init.o)
                              /private/tmp/arm-gnu-toolchain-13.2.Rel1-darwin-arm64-arm-none-eabi/bin/../lib/gcc/arm-none-eabi/13.2.1/../../../../arm-none-eabi/lib/thumb/v7e-m+fp/hard/crt0.o (__libc_init_array)
/private/tmp/arm-gnu-toolchain-13.2.Rel1-darwin-arm64-arm-none-eabi/bin/../lib/gcc/arm-none-eabi/13.2.1/../../../../arm-none-eabi/lib/thumb/v7e-m+fp/hard/libc_nano.a(libc_a-lock.o)
                              /private/tmp/arm-gnu-toolchain-13.2.Rel1-darwin-arm64-arm-none-eabi/bin/../lib/gcc/arm-none-eabi/13.2.1/../../../../arm-none-eabi/lib/thumb/v7e-m+fp/hard/libc_nano.a(libc_a-findfp.o) (__retarget_lock_init_recursive)
/private/tmp/arm-gnu-toolchain-13.2.Rel1-darwin-arm64-arm-none-eabi/bin/../lib/gcc/arm-none-eabi/13.2.1/../../../../arm-none-eabi/lib/thumb/v7e-m+fp/hard/libc_nano.a(libc_a-memcpy-stub.o)
                              _build/nrf52840_xxaa/app_usbd_cdc_acm.c.o (memcpy)
/private/tmp/arm-gnu-toolchain-13.2.Rel1-darwin-arm64-arm-none-eabi/bin/../lib/gcc/arm-none-eabi/13.2.1/../../../../arm-none-eabi/lib/thumb/v7e-m+fp/hard/libc_nano.a(libc_a-strlen.o)
                              _build/nrf52840_xxaa/app_usbd_serial_num.c.o (strlen)
/private/tmp/arm-gnu-toolchain-13.2.Rel1-darwin-arm64-arm-none-eabi/bin/../lib/gcc/arm-none-eabi/13.2.1/../../../../arm-none-eabi/lib/thumb/v7e-m+fp/hard/libc_nano.a(libc_a-strcmp.o)
                              _build/nrf52840_xxaa/nrf_log_frontend.c.o (strcmp)
/private/tmp/arm-gnu-toolchain-13.2.Rel1-darwin-arm64-arm-none-eabi/bin/../lib/gcc/arm-none-eabi/13.2.1/../../../../arm-none-eabi/lib/thumb/v7e-m+fp/hard/libc_nano.a(libc_a-ctype_.o)
                              _build/nrf52840_xxaa/nrf_log_str_formatter.c.o (_ctype_)
/private/tmp/arm-gnu-toolchain-13.2.Rel1-darwin-arm64-arm-none-eabi/bin/../lib/gcc/arm-none-eabi/13.2.1/../../../../arm-none-eabi/lib/thumb/v7e-m+fp/hard/libc_nano.a(libc_a-nano-svfprintf.o)
                              /private/tmp/arm-gnu-toolchain-13.2.Rel1-darwin-arm64-arm-none-eabi/bin/../lib/gcc/arm-none-eabi/13.2.1/../../../../arm-none-eabi/lib/thumb/v7e-m+fp/hard/libc_nano.a(libc_a-snprintf.o) (_svfprintf_r)
[...]
Memory Configuration

Name             Origin             Length             Attributes
FLASH            0x00020000         0x000defff         xr
RAM              0x20000000         0x0001fff0         xrw
*default*        0x00000000         0xffffffff

Linker script and memory map


.text           0x00020000     0x8858
 *(.isr_vector)
 .isr_vector    0x00020000      0x200 _build/nrf52840_xxaa/gcc_startup_nrf52840.S.o
                0x00020000                __isr_vector
 *(.text*)
 .text.deregister_tm_clones
                0x00020200       0x1c /private/tmp/arm-gnu-toolchain-13.2.Rel1-darwin-arm64-arm-none-eabi/bin/../lib/gcc/arm-none-eabi/13.2.1/thumb/v7e-m+fp/hard/crtbegin.o
 .text.register_tm_clones
                0x0002021c       0x24 /private/tmp/arm-gnu-toolchain-13.2.Rel1-darwin-arm64-arm-none-eabi/bin/../lib/gcc/arm-none-eabi/13.2.1/thumb/v7e-m+fp/hard/crtbegin.o
 .text.__do_global_dtors_aux
                0x00020240       0x28 /private/tmp/arm-gnu-toolchain-13.2.Rel1-darwin-arm64-arm-none-eabi/bin/../lib/gcc/arm-none-eabi/13.2.1/thumb/v7e-m+fp/hard/crtbegin.o
 .text.frame_dummy
                0x00020268       0x24 /private/tmp/arm-gnu-toolchain-13.2.Rel1-darwin-arm64-arm-none-eabi/bin/../lib/gcc/arm-none-eabi/13.2.1/thumb/v7e-m+fp/hard/crtbegin.o
 .text          0x0002028c       0x7c /private/tmp/arm-gnu-toolchain-13.2.Rel1-darwin-arm64-arm-none-eabi/bin/../lib/gcc/arm-none-eabi/13.2.1/../../../../arm-none-eabi/lib/thumb/v7e-m+fp/hard/crt0.o
                0x0002028c                _stack_init
                0x00020294                _mainCRTStartup
                0x00020294                _start
 .text          0x00020308       0x3c _build/nrf52840_xxaa/gcc_startup_nrf52840.S.o
                0x00020308                Reset_Handler
                0x00020330                NMI_Handler
                0x00020334                MemoryManagement_Handler
                0x00020336                BusFault_Handler
                0x00020338                UsageFault_Handler
                0x0002033a                SVC_Handler
                0x0002033c                DebugMon_Handler
                0x0002033e                PendSV_Handler
                0x00020340                SysTick_Handler
                0x00020342                TIMER3_IRQHandler
                0x00020342                PWM3_IRQHandler
                0x00020342                FPU_IRQHandler
                0x00020342                SPIM0_SPIS0_TWIM0_TWIS0_SPI0_TWI0_IRQHandler
                0x00020342                UARTE0_UART0_IRQHandler
                0x00020342                TIMER4_IRQHandler
                0x00020342                CRYPTOCELL_IRQHandler
                0x00020342                I2S_IRQHandler
                0x00020342                SWI4_EGU4_IRQHandler
                0x00020342                TIMER0_IRQHandler
                0x00020342                UARTE1_IRQHandler
                0x00020342                TIMER1_IRQHandler
                0x00020342                SPIM3_IRQHandler
                0x00020342                PWM2_IRQHandler
                0x00020342                ECB_IRQHandler
                0x00020342                SPIM1_SPIS1_TWIM1_TWIS1_SPI1_TWI1_IRQHandler
                0x00020342                Default_Handler
                0x00020342                SAADC_IRQHandler
                0x00020342                CCM_AAR_IRQHandler
                0x00020342                WDT_IRQHandler
                0x00020342                SWI5_EGU5_IRQHandler
                0x00020342                RNG_IRQHandler
                0x00020342                RTC2_IRQHandler
                0x00020342                PWM0_IRQHandler
                0x00020342                SWI3_EGU3_IRQHandler
                0x00020342                SWI1_EGU1_IRQHandler
                0x00020342                SPIM2_SPIS2_SPI2_IRQHandler
                0x00020342                NFCT_IRQHandler
                0x00020342                MWU_IRQHandler
                0x00020342                QSPI_IRQHandler
                0x00020342                TIMER2_IRQHandler
                0x00020342                COMP_LPCOMP_IRQHandler
                0x00020342                RTC0_IRQHandler
                0x00020342                SWI0_EGU0_IRQHandler
                0x00020342                SWI2_EGU2_IRQHandler
                0x00020342                PWM1_IRQHandler
                0x00020342                RADIO_IRQHandler
                0x00020342                PDM_IRQHandler
                0x00020342                TEMP_IRQHandler
                0x00020342                QDEC_IRQHandler
 .text.SystemInit
                0x00020344      0x1dc _build/nrf52840_xxaa/system_nrf52840.c.o
                0x00020344                SystemInit
 .text.app_error_handler_bare
                0x00020520       0x20 _build/nrf52840_xxaa/app_error.c.o
                0x00020520                app_error_handler_bare
 .text.app_error_fault_handler
                0x00020540       0x94 _build/nrf52840_xxaa/app_error_weak.c.o
                0x00020540                app_error_fault_handler
 .text.app_util_critical_region_enter
                0x000205d4       0x10 _build/nrf52840_xxaa/app_util_platform.c.o
                0x000205d4                app_util_critical_region_enter
 .text.app_util_critical_region_exit
                0x000205e4       0x14 _build/nrf52840_xxaa/app_util_platform.c.o
                0x000205e4                app_util_critical_region_exit
 .text.app_usbd_hfclk_ready
                0x000205f8       0x68 _build/nrf52840_xxaa/app_usbd.c.o
 .text.app_usbd_event_handler
                0x00020660       0xe0 _build/nrf52840_xxaa/app_usbd.c.o
 .text.app_usbd_class_descriptor_find
                0x00020740       0xc0 _build/nrf52840_xxaa/app_usbd.c.o
                0x00020740                app_usbd_class_descriptor_find
 .text.app_usbd_init
                0x00020800      0x110 _build/nrf52840_xxaa/app_usbd.c.o
                0x00020800                app_usbd_init
 .text.app_usbd_enable
                0x00020910        0x4 _build/nrf52840_xxaa/app_usbd.c.o
                0x00020910                app_usbd_enable
 .text.app_usbd_start
                0x00020914       0x80 _build/nrf52840_xxaa/app_usbd.c.o
                0x00020914                app_usbd_start
 .text.app_usbd_stop
                0x00020994       0x68 _build/nrf52840_xxaa/app_usbd.c.o
                0x00020994                app_usbd_stop
 .text.app_usbd_class_append
                0x000209fc       0xd4 _build/nrf52840_xxaa/app_usbd.c.o
                0x000209fc                app_usbd_class_append
 .text.app_usbd_class_rwu_enabled_check
                0x00020ad0       0x10 _build/nrf52840_xxaa/app_usbd.c.o
                0x00020ad0                app_usbd_class_rwu_enabled_check
 .text.app_usbd_ep_enable
                0x00020ae0       0x28 _build/nrf52840_xxaa/app_usbd.c.o
                0x00020ae0                app_usbd_ep_enable
 .text.app_usbd_ep_disable
                0x00020b08        0x4 _build/nrf52840_xxaa/app_usbd.c.o
                0x00020b08                app_usbd_ep_disable
 .text.app_usbd_class_first_get
                0x00020b0c        0xc _build/nrf52840_xxaa/app_usbd.c.o
                0x00020b0c                app_usbd_class_first_get
 .text.app_usbd_iface_find
                0x00020b18       0x3c _build/nrf52840_xxaa/app_usbd.c.o
                0x00020b18                app_usbd_iface_find
 .text.app_usbd_iface_call
                0x00020b54        0x8 _build/nrf52840_xxaa/app_usbd.c.o
                0x00020b54                app_usbd_iface_call
 .text.app_usbd_ep_call
                0x00020b5c       0x2c _build/nrf52840_xxaa/app_usbd.c.o
                0x00020b5c                app_usbd_ep_call
 .text.app_usbd_all_until_served_call
                0x00020b88       0x2c _build/nrf52840_xxaa/app_usbd.c.o
                0x00020b88                app_usbd_all_until_served_call
 .text.app_usbd_ep_transfer
                0x00020bb4       0x28 _build/nrf52840_xxaa/app_usbd.c.o
                0x00020bb4                app_usbd_ep_transfer
 .text.app_usbd_ep_handled_transfer
                0x00020bdc       0x28 _build/nrf52840_xxaa/app_usbd.c.o
                0x00020bdc                app_usbd_ep_handled_transfer
 .text.app_usbd_iface_select
                0x00020c04       0x74 _build/nrf52840_xxaa/app_usbd.c.o
                0x00020c04                app_usbd_iface_select
 .text.app_usbd_iface_selection_get
                0x00020c78        0xc _build/nrf52840_xxaa/app_usbd.c.o
                0x00020c78                app_usbd_iface_selection_get
 .text.app_usbd_all_iface_select_0
                0x00020c84       0xb8 _build/nrf52840_xxaa/app_usbd.c.o
                0x00020c84                app_usbd_all_iface_select_0
 .text.app_usbd_all_iface_deselect
                0x00020d3c       0x8c _build/nrf52840_xxaa/app_usbd.c.o
                0x00020d3c                app_usbd_all_iface_deselect
 .text.app_usbd_event_execute
                0x00020dc8      0x5a8 _build/nrf52840_xxaa/app_usbd.c.o
                0x00020dc8                app_usbd_event_execute
 .text.app_usbd_event_queue_process
                0x00021370       0xb0 _build/nrf52840_xxaa/app_usbd.c.o
                0x00021370                app_usbd_event_queue_process
 .text.cdc_acm_feed_descriptors
                0x00021420      0xd20 _build/nrf52840_xxaa/app_usbd_cdc_acm.c.o
 .text.cdc_acm_req_out_data_cb
                0x00022140       0x28 _build/nrf52840_xxaa/app_usbd_cdc_acm.c.o
 .text.cdc_acm_event_handler
                0x00022168      0x314 _build/nrf52840_xxaa/app_usbd_cdc_acm.c.o
 .text.cdc_acm_consumer
                0x0002247c       0x38 _build/nrf52840_xxaa/app_usbd_cdc_acm.c.o
 .text.app_usbd_cdc_acm_write
                0x000224b4       0x48 _build/nrf52840_xxaa/app_usbd_cdc_acm.c.o
                0x000224b4                app_usbd_cdc_acm_write
 .text.app_usbd_cdc_acm_read
                0x000224fc       0xac _build/nrf52840_xxaa/app_usbd_cdc_acm.c.o
                0x000224fc                app_usbd_cdc_acm_read
 .text.setup_data_handler_empty
                0x000225a8        0x4 _build/nrf52840_xxaa/app_usbd_core.c.o
 .text.usbd_descriptor_conf_feeder
                0x000225ac      0x150 _build/nrf52840_xxaa/app_usbd_core.c.o
 .text.app_usbd_core_ep0_enable
                0x000226fc       0x14 _build/nrf52840_xxaa/app_usbd_core.c.o
                0x000226fc                app_usbd_core_ep0_enable
 .text.app_usbd_core_ep0_disable
                0x00022710       0x14 _build/nrf52840_xxaa/app_usbd_core.c.o
                0x00022710                app_usbd_core_ep0_disable
 .text.app_usbd_core_setup_rsp
                0x00022724       0x88 _build/nrf52840_xxaa/app_usbd_core.c.o
                0x00022724                app_usbd_core_setup_rsp
 .text.app_usbd_core_event_handler
                0x000227ac      0x5c0 _build/nrf52840_xxaa/app_usbd_core.c.o
 .text.app_usbd_core_setup_data_handler_set
                0x00022d6c       0x28 _build/nrf52840_xxaa/app_usbd_core.c.o
                0x00022d6c                app_usbd_core_setup_data_handler_set
 .text.app_usbd_core_setup_transfer_buff_get
                0x00022d94       0x10 _build/nrf52840_xxaa/app_usbd_core.c.o
                0x00022d94                app_usbd_core_setup_transfer_buff_get
 .text.app_usbd_string_desc_get
                0x00022da4       0x84 _build/nrf52840_xxaa/app_usbd_string_desc.c.o
                0x00022da4                app_usbd_string_desc_get
 .text.nrf_atomic_u32_fetch_store
                0x00022e28       0x14 _build/nrf52840_xxaa/nrf_atomic.c.o
                0x00022e28                nrf_atomic_u32_fetch_store
 .text.nrf_atomic_u32_add
                0x00022e3c       0x18 _build/nrf52840_xxaa/nrf_atomic.c.o
                0x00022e3c                nrf_atomic_u32_add
 .text.nrf_atomic_u32_sub
                0x00022e54       0x18 _build/nrf52840_xxaa/nrf_atomic.c.o
                0x00022e54                nrf_atomic_u32_sub
 .text.nrf_atomic_u32_sub_hs
                0x00022e6c       0x1c _build/nrf52840_xxaa/nrf_atomic.c.o
                0x00022e6c                nrf_atomic_u32_sub_hs
 .text.nrf_atomic_flag_set
                0x00022e88       0x18 _build/nrf52840_xxaa/nrf_atomic.c.o
                0x00022e88                nrf_atomic_flag_set
 .text.nrf_atomic_flag_clear_fetch
                0x00022ea0       0x18 _build/nrf52840_xxaa/nrf_atomic.c.o
                0x00022ea0                nrf_atomic_flag_clear_fetch
 .text.nrf_atfifo_init
                0x00022eb8       0x30 _build/nrf52840_xxaa/nrf_atfifo.c.o
                0x00022eb8                nrf_atfifo_init
 .text.nrf_atfifo_item_alloc
                0x00022ee8       0x64 _build/nrf52840_xxaa/nrf_atfifo.c.o
                0x00022ee8                nrf_atfifo_item_alloc
 .text.nrf_atfifo_item_put
                0x00022f4c       0x20 _build/nrf52840_xxaa/nrf_atfifo.c.o
                0x00022f4c                nrf_atfifo_item_put
 .text.nrf_atfifo_item_get
                0x00022f6c       0x64 _build/nrf52840_xxaa/nrf_atfifo.c.o
                0x00022f6c                nrf_atfifo_item_get
 .text.nrf_atfifo_item_free
                0x00022fd0       0x20 _build/nrf52840_xxaa/nrf_atfifo.c.o
                0x00022fd0                nrf_atfifo_item_free
 .text.nrf_balloc_alloc
                0x00022ff0       0x4c _build/nrf52840_xxaa/nrf_balloc.c.o
                0x00022ff0                nrf_balloc_alloc
 .text.nrf_balloc_free
                0x0002303c       0x2c _build/nrf52840_xxaa/nrf_balloc.c.o
                0x0002303c                nrf_balloc_free
 .text.nrf_memobj_alloc
                0x00023068       0x98 _build/nrf52840_xxaa/nrf_memobj.c.o
                0x00023068                nrf_memobj_alloc
 .text.nrf_memobj_get
                0x00023100        0x8 _build/nrf52840_xxaa/nrf_memobj.c.o
                0x00023100                nrf_memobj_get
 .text.nrf_memobj_put
                0x00023108       0x58 _build/nrf52840_xxaa/nrf_memobj.c.o
                0x00023108                nrf_memobj_put
 .text.nrf_memobj_write
                0x00023160       0x68 _build/nrf52840_xxaa/nrf_memobj.c.o
                0x00023160                nrf_memobj_write
 .text.RTC1_IRQHandler
                0x000231c8       0x14 _build/nrf52840_xxaa/drv_rtc.c.o
                0x000231c8                RTC1_IRQHandler
 .text.HardFault_Handler
                0x000231dc       0x34 _build/nrf52840_xxaa/hardfault_handler_gcc.c.o
                0x000231dc                HardFault_Handler
 .text.HardFault_process
                0x00023210       0x24 _build/nrf52840_xxaa/hardfault_implementation.c.o
                0x00023210                HardFault_process
 .text.HardFault_c_handler
                0x00023234      0x160 _build/nrf52840_xxaa/hardfault_implementation.c.o
                0x00023234                HardFault_c_handler
 .text.clock_irq_handler
                0x00023394       0x44 _build/nrf52840_xxaa/nrf_drv_clock.c.o
 .text.nrf_drv_clock_init
                0x000233d8       0x40 _build/nrf52840_xxaa/nrf_drv_clock.c.o
                0x000233d8                nrf_drv_clock_init
 .text.nrf_drv_clock_lfclk_request
                0x00023418       0x6c _build/nrf52840_xxaa/nrf_drv_clock.c.o
                0x00023418                nrf_drv_clock_lfclk_request
 .text.nrf_drv_clock_lfclk_is_running
                0x00023484       0x10 _build/nrf52840_xxaa/nrf_drv_clock.c.o
                0x00023484                nrf_drv_clock_lfclk_is_running
 .text.nrf_drv_clock_hfclk_request
                0x00023494       0x6c _build/nrf52840_xxaa/nrf_drv_clock.c.o
                0x00023494                nrf_drv_clock_hfclk_request
 .text.nrf_drv_clock_hfclk_release
                0x00023500       0x34 _build/nrf52840_xxaa/nrf_drv_clock.c.o
                0x00023500                nrf_drv_clock_hfclk_release
 .text.nrf_drv_power_init
                0x00023534       0x28 _build/nrf52840_xxaa/nrf_drv_power.c.o
                0x00023534                nrf_drv_power_init
 .text.nrfx_atomic_u32_fetch_and
                0x0002355c       0x18 _build/nrf52840_xxaa/nrfx_atomic.c.o
                0x0002355c                nrfx_atomic_u32_fetch_and
 .text.nrfx_clock_init
                0x00023574       0x18 _build/nrf52840_xxaa/nrfx_clock.c.o
                0x00023574                nrfx_clock_init
 .text.nrfx_clock_enable
                0x0002358c       0x2c _build/nrf52840_xxaa/nrfx_clock.c.o
                0x0002358c                nrfx_clock_enable
 .text.nrfx_clock_lfclk_start
                0x000235b8       0x24 _build/nrf52840_xxaa/nrfx_clock.c.o
                0x000235b8                nrfx_clock_lfclk_start
 .text.nrfx_clock_hfclk_start
                0x000235dc       0x20 _build/nrf52840_xxaa/nrfx_clock.c.o
                0x000235dc                nrfx_clock_hfclk_start
 .text.nrfx_clock_hfclk_stop
                0x000235fc       0x38 _build/nrf52840_xxaa/nrfx_clock.c.o
                0x000235fc                nrfx_clock_hfclk_stop
 .text.nrfx_clock_irq_handler
                0x00023634       0x70 _build/nrf52840_xxaa/nrfx_clock.c.o
                0x00023634                nrfx_clock_irq_handler
 .text.nrfx_power_init
                0x000236a4       0x44 _build/nrf52840_xxaa/nrfx_power.c.o
                0x000236a4                nrfx_power_init
 .text.nrfx_power_irq_handler
                0x000236e8      0x100 _build/nrf52840_xxaa/nrfx_power.c.o
                0x000236e8                nrfx_power_irq_handler
 .text.POWER_CLOCK_IRQHandler
                0x000237e8       0x10 _build/nrf52840_xxaa/nrfx_power.c.o
                0x000237e8                POWER_CLOCK_IRQHandler
 .text.nrfx_usbd_consumer
                0x000237f8       0x38 _build/nrf52840_xxaa/nrfx_usbd.c.o
                0x000237f8                nrfx_usbd_consumer
 .text.nrfx_usbd_feeder_ram
                0x00023830       0x28 _build/nrf52840_xxaa/nrfx_usbd.c.o
                0x00023830                nrfx_usbd_feeder_ram
 .text.nrfx_usbd_feeder_ram_zlp
                0x00023858       0x28 _build/nrf52840_xxaa/nrfx_usbd.c.o
                0x00023858                nrfx_usbd_feeder_ram_zlp
 .text.ev_usbreset_handler
                0x00023880       0x2c _build/nrf52840_xxaa/nrfx_usbd.c.o
 .text.ev_started_handler
                0x000238ac        0x4 _build/nrf52840_xxaa/nrfx_usbd.c.o
 .text.ev_sof_handler
                0x000238b0       0x48 _build/nrf52840_xxaa/nrfx_usbd.c.o
 .text.nrfx_usbd_feeder_flash
                0x000238f8       0x38 _build/nrf52840_xxaa/nrfx_usbd.c.o
                0x000238f8                nrfx_usbd_feeder_flash
 .text.nrfx_usbd_feeder_flash_zlp
                0x00023930       0x3c _build/nrf52840_xxaa/nrfx_usbd.c.o
                0x00023930                nrfx_usbd_feeder_flash_zlp
 .text.ev_dma_epout0_handler
                0x0002396c       0x7c _build/nrf52840_xxaa/nrfx_usbd.c.o
 .text.ev_usbevent_handler
                0x000239e8       0x88 _build/nrf52840_xxaa/nrfx_usbd.c.o
 .text.ev_setup_data_handler
                0x00023a70      0x118 _build/nrf52840_xxaa/nrfx_usbd.c.o
 .text.usbd_dmareq_process.part.0
                0x00023b88      0x228 _build/nrf52840_xxaa/nrfx_usbd.c.o
 .text.ev_dma_epout3_handler
                0x00023db0       0x80 _build/nrf52840_xxaa/nrfx_usbd.c.o
 .text.ev_dma_epout8_handler
                0x00023e30       0x6c _build/nrf52840_xxaa/nrfx_usbd.c.o
 .text.ev_dma_epin8_handler
                0x00023e9c       0x74 _build/nrf52840_xxaa/nrfx_usbd.c.o
 .text.ev_dma_epin0_handler
                0x00023f10       0x48 _build/nrf52840_xxaa/nrfx_usbd.c.o
 .text.ev_dma_epin7_handler
                0x00023f58       0x48 _build/nrf52840_xxaa/nrfx_usbd.c.o
 .text.ev_dma_epin5_handler
                0x00023fa0       0x48 _build/nrf52840_xxaa/nrfx_usbd.c.o
 .text.ev_dma_epin6_handler
                0x00023fe8       0x48 _build/nrf52840_xxaa/nrfx_usbd.c.o
 .text.ev_dma_epin1_handler
                0x00024030       0x48 _build/nrf52840_xxaa/nrfx_usbd.c.o
 .text.ev_dma_epin2_handler
                0x00024078       0x48 _build/nrf52840_xxaa/nrfx_usbd.c.o
 .text.ev_dma_epin3_handler
                0x000240c0       0x48 _build/nrf52840_xxaa/nrfx_usbd.c.o
 .text.ev_dma_epin4_handler
                0x00024108       0x48 _build/nrf52840_xxaa/nrfx_usbd.c.o
 .text.ev_dma_epout1_handler
                0x00024150       0x80 _build/nrf52840_xxaa/nrfx_usbd.c.o
 .text.ev_dma_epout4_handler
                0x000241d0       0x84 _build/nrf52840_xxaa/nrfx_usbd.c.o
 .text.ev_dma_epout5_handler
                0x00024254       0x80 _build/nrf52840_xxaa/nrfx_usbd.c.o
 .text.ev_dma_epout6_handler
                0x000242d4       0x80 _build/nrf52840_xxaa/nrfx_usbd.c.o
 .text.ev_dma_epout7_handler
                0x00024354       0x80 _build/nrf52840_xxaa/nrfx_usbd.c.o
 .text.ev_dma_epout2_handler
                0x000243d4       0x80 _build/nrf52840_xxaa/nrfx_usbd.c.o
 .text.ev_epdata_handler
                0x00024454      0x16c _build/nrf52840_xxaa/nrfx_usbd.c.o
 .text.ev_setup_handler
                0x000245c0      0x1bc _build/nrf52840_xxaa/nrfx_usbd.c.o
 .text.nrfx_usbd_ep_abort
                0x0002477c      0x134 _build/nrf52840_xxaa/nrfx_usbd.c.o
                0x0002477c                nrfx_usbd_ep_abort
 .text.USBD_IRQHandler
                0x000248b0       0xd0 _build/nrf52840_xxaa/nrfx_usbd.c.o
                0x000248b0                USBD_IRQHandler
 .text.nrfx_usbd_init
                0x00024980      0x12c _build/nrf52840_xxaa/nrfx_usbd.c.o
                0x00024980                nrfx_usbd_init
 .text.nrfx_usbd_uninit
                0x00024aac       0x14 _build/nrf52840_xxaa/nrfx_usbd.c.o
                0x00024aac                nrfx_usbd_uninit
 .text.nrfx_usbd_enable
                0x00024ac0      0x240 _build/nrf52840_xxaa/nrfx_usbd.c.o
                0x00024ac0                nrfx_usbd_enable
 .text.nrfx_usbd_start
                0x00024d00       0x50 _build/nrf52840_xxaa/nrfx_usbd.c.o
                0x00024d00                nrfx_usbd_start
 .text.nrfx_usbd_stop
                0x00024d50      0x1cc _build/nrf52840_xxaa/nrfx_usbd.c.o
                0x00024d50                nrfx_usbd_stop
 .text.nrfx_usbd_is_started
                0x00024f1c       0x1c _build/nrf52840_xxaa/nrfx_usbd.c.o
                0x00024f1c                nrfx_usbd_is_started
 .text.nrfx_usbd_suspend
                0x00024f38      0x1d8 _build/nrf52840_xxaa/nrfx_usbd.c.o
                0x00024f38                nrfx_usbd_suspend
 .text.nrfx_usbd_wakeup_req
                0x00025110       0x74 _build/nrf52840_xxaa/nrfx_usbd.c.o
                0x00025110                nrfx_usbd_wakeup_req
 .text.nrfx_usbd_suspend_irq_config
                0x00025184       0x14 _build/nrf52840_xxaa/nrfx_usbd.c.o
                0x00025184                nrfx_usbd_suspend_irq_config
 .text.nrfx_usbd_active_irq_config
                0x00025198       0x14 _build/nrf52840_xxaa/nrfx_usbd.c.o
                0x00025198                nrfx_usbd_active_irq_config
 .text.nrfx_usbd_force_bus_wakeup
                0x000251ac        0xc _build/nrf52840_xxaa/nrfx_usbd.c.o
                0x000251ac                nrfx_usbd_force_bus_wakeup
 .text.nrfx_usbd_ep_max_packet_size_get
                0x000251b8       0x20 _build/nrf52840_xxaa/nrfx_usbd.c.o
                0x000251b8                nrfx_usbd_ep_max_packet_size_get
 .text.nrfx_usbd_ep_enable_check
                0x000251d8       0x20 _build/nrf52840_xxaa/nrfx_usbd.c.o
                0x000251d8                nrfx_usbd_ep_enable_check
 .text.nrfx_usbd_ep_enable
                0x000251f8       0xd8 _build/nrf52840_xxaa/nrfx_usbd.c.o
                0x000251f8                nrfx_usbd_ep_enable
 .text.nrfx_usbd_ep_disable
                0x000252d0      0x188 _build/nrf52840_xxaa/nrfx_usbd.c.o
                0x000252d0                nrfx_usbd_ep_disable
 .text.nrfx_usbd_ep_transfer
                0x00025458      0x130 _build/nrf52840_xxaa/nrfx_usbd.c.o
                0x00025458                nrfx_usbd_ep_transfer
 .text.nrfx_usbd_ep_handled_transfer
                0x00025588       0xa0 _build/nrf52840_xxaa/nrfx_usbd.c.o
                0x00025588                nrfx_usbd_ep_handled_transfer
 .text.nrfx_usbd_feeder_buffer_get
                0x00025628        0x8 _build/nrf52840_xxaa/nrfx_usbd.c.o
                0x00025628                nrfx_usbd_feeder_buffer_get
 .text.nrfx_usbd_ep_stall
                0x00025630       0x18 _build/nrf52840_xxaa/nrfx_usbd.c.o
                0x00025630                nrfx_usbd_ep_stall
 .text.nrfx_usbd_ep_stall_clear
                0x00025648       0x70 _build/nrf52840_xxaa/nrfx_usbd.c.o
                0x00025648                nrfx_usbd_ep_stall_clear
 .text.nrfx_usbd_ep_stall_check
                0x000256b8       0x44 _build/nrf52840_xxaa/nrfx_usbd.c.o
                0x000256b8                nrfx_usbd_ep_stall_check
 .text.nrfx_usbd_ep_dtoggle_clear
                0x000256fc       0x20 _build/nrf52840_xxaa/nrfx_usbd.c.o
                0x000256fc                nrfx_usbd_ep_dtoggle_clear
 .text.nrfx_usbd_setup_get
                0x0002571c       0x4c _build/nrf52840_xxaa/nrfx_usbd.c.o
                0x0002571c                nrfx_usbd_setup_get
 .text.nrfx_usbd_setup_data_clear
                0x00025768       0x14 _build/nrf52840_xxaa/nrfx_usbd.c.o
                0x00025768                nrfx_usbd_setup_data_clear
 .text.nrfx_usbd_setup_clear
                0x0002577c       0x14 _build/nrf52840_xxaa/nrfx_usbd.c.o
                0x0002577c                nrfx_usbd_setup_clear
 .text.nrfx_usbd_setup_stall
                0x00025790       0x14 _build/nrf52840_xxaa/nrfx_usbd.c.o
                0x00025790                nrfx_usbd_setup_stall
 .text.nrfx_usbd_last_setup_dir_get
                0x000257a4        0xc _build/nrf52840_xxaa/nrfx_usbd.c.o
                0x000257a4                nrfx_usbd_last_setup_dir_get
 .text.GPIOTE_IRQHandler
                0x000257b0      0x504 _build/nrf52840_xxaa/nrfx_gpiote.c.o
                0x000257b0                GPIOTE_IRQHandler
 .text.log_skip
                0x00025cb4       0xdc _build/nrf52840_xxaa/nrf_log_frontend.c.o
 .text.log_pending_hook
                0x00025d90        0x4 _build/nrf52840_xxaa/nrf_log_frontend.c.o
                0x00025d90                log_pending_hook
 .text.nrf_log_frontend_dequeue
                0x00025d94      0x27c _build/nrf52840_xxaa/nrf_log_frontend.c.o
                0x00025d94                nrf_log_frontend_dequeue
 .text.nrf_log_frontend_std_4
                0x00026010       0xf8 _build/nrf52840_xxaa/nrf_log_frontend.c.o
                0x00026010                nrf_log_frontend_std_4
 .text.nrf_log_frontend_std_3
                0x00026108       0xe8 _build/nrf52840_xxaa/nrf_log_frontend.c.o
                0x00026108                nrf_log_frontend_std_3
 .text.nrf_log_frontend_std_1
                0x000261f0       0xc8 _build/nrf52840_xxaa/nrf_log_frontend.c.o
                0x000261f0                nrf_log_frontend_std_1
 .text.nrf_log_frontend_std_0
                0x000262b8       0xb4 _build/nrf52840_xxaa/nrf_log_frontend.c.o
                0x000262b8                nrf_log_frontend_std_0
 .text.nrf_log_panic
                0x0002636c       0x28 _build/nrf52840_xxaa/nrf_log_frontend.c.o
                0x0002636c                nrf_log_panic
 .text.usbd_user_ev_handler
                0x00026394       0x28 _build/nrf52840_xxaa/main.c.o
 .text.send_response
                0x000263bc      0x158 _build/nrf52840_xxaa/main.c.o
 .text.emmc_send_cmd
                0x00026514      0x2f0 _build/nrf52840_xxaa/main.c.o
 .text.emmc_recv_r1
                0x00026804       0x84 _build/nrf52840_xxaa/main.c.o
 .text.emmc_init
                0x00026888      0x160 _build/nrf52840_xxaa/main.c.o
 .text.cdc_acm_user_ev_handler.part.0
                0x000269e8      0xffc _build/nrf52840_xxaa/main.c.o
 .text.cdc_acm_user_ev_handler
                0x000279e4       0x20 _build/nrf52840_xxaa/main.c.o
 .text.startup.main
                0x00027a04       0x7c _build/nrf52840_xxaa/main.c.o
                0x00027a04                main
 .text.exit     0x00027a80       0x24 /private/tmp/arm-gnu-toolchain-13.2.Rel1-darwin-arm64-arm-none-eabi/bin/../lib/gcc/arm-none-eabi/13.2.1/../../../../arm-none-eabi/lib/thumb/v7e-m+fp/hard/libc_nano.a(libc_a-exit.o)
                0x00027a80                exit
 .text.memset   0x00027aa4       0x10 /private/tmp/arm-gnu-toolchain-13.2.Rel1-darwin-arm64-arm-none-eabi/bin/../lib/gcc/arm-none-eabi/13.2.1/../../../../arm-none-eabi/lib/thumb/v7e-m+fp/hard/libc_nano.a(libc_a-memset.o)
                0x00027aa4                memset
 .text.__libc_init_array
                0x00027ab4       0x48 /private/tmp/arm-gnu-toolchain-13.2.Rel1-darwin-arm64-arm-none-eabi/bin/../lib/gcc/arm-none-eabi/13.2.1/../../../../arm-none-eabi/lib/thumb/v7e-m+fp/hard/libc_nano.a(libc_a-init.o)
                0x00027ab4                __libc_init_array
 .text.memcpy   0x00027afc       0x1c /private/tmp/arm-gnu-toolchain-13.2.Rel1-darwin-arm64-arm-none-eabi/bin/../lib/gcc/arm-none-eabi/13.2.1/../../../../arm-none-eabi/lib/thumb/v7e-m+fp/hard/libc_nano.a(libc_a-memcpy-stub.o)
                0x00027afc                memcpy
 .text._exit    0x00027b18        0x4 /private/tmp/arm-gnu-toolchain-13.2.Rel1-darwin-arm64-arm-none-eabi/bin/../lib/gcc/arm-none-eabi/13.2.1/../../../../arm-none-eabi/lib/thumb/v7e-m+fp/hard/libnosys.a(_exit.o)
                0x00027b18                _exit
 *(.init)
 .init          0x00027b1c        0x4 /private/tmp/arm-gnu-toolchain-13.2.Rel1-darwin-arm64-arm-none-eabi/bin/../lib/gcc/arm-none-eabi/13.2.1/thumb/v7e-m+fp/hard/crti.o
                0x00027b1c                _init
 .init          0x00027b20        0x8 /private/tmp/arm-gnu-toolchain-13.2.Rel1-darwin-arm64-arm-none-eabi/bin/../lib/gcc/arm-none-eabi/13.2.1/thumb/v7e-m+fp/hard/crtn.o
 *(.fini)
 .fini          0x00027b28        0x4 /private/tmp/arm-gnu-toolchain-13.2.Rel1-darwin-arm64-arm-none-eabi/bin/../lib/gcc/arm-none-eabi/13.2.1/thumb/v7e-m+fp/hard/crti.o
                0x00027b28                _fini
 .fini          0x00027b2c        0x8 /private/tmp/arm-gnu-toolchain-13.2.Rel1-darwin-arm64-arm-none-eabi/bin/../lib/gcc/arm-none-eabi/13.2.1/thumb/v7e-m+fp/hard/crtn.o
 *crtbegin.o(.ctors)
 *crtbegin?.o(.ctors)
 *(EXCLUDE_FILE(*crtend.o *crtend?.o) .ctors)
 *(SORT_BY_NAME(.ctors.*))
 *(.ctors)
 *crtbegin.o(.dtors)
 *crtbegin?.o(.dtors)
 *(EXCLUDE_FILE(*crtend.o *crtend?.o) .dtors)
 *(SORT_BY_NAME(.dtors.*))
 *(.dtors)
 *(.rodata*)
 .rodata.app_error_fault_handler.str1.4
                0x00027b34      0x95f _build/nrf52840_xxaa/app_error_weak.c.o
                                 0x19 (size before relaxing)
 *fill*         0x00028493        0x1 
 .rodata.evt_data.2
                0x00028494        0x1 _build/nrf52840_xxaa/app_usbd.c.o
 *fill*         0x00028495        0x3 
 .rodata.evt_data.4
                0x00028498        0x1 _build/nrf52840_xxaa/app_usbd.c.o
 *fill*         0x00028499        0x3 
 .rodata.evt_data.5
                0x0002849c        0x1 _build/nrf52840_xxaa/app_usbd.c.o
 *fill*         0x0002849d        0x3 
 .rodata.evt_data.6
                0x000284a0        0x1 _build/nrf52840_xxaa/app_usbd.c.o
 *fill*         0x000284a1        0x3 
 .rodata.evt_data.7
                0x000284a4        0x1 _build/nrf52840_xxaa/app_usbd.c.o
 *fill*         0x000284a5        0x3 
 .rodata.evt_data.8
                0x000284a8        0x1 _build/nrf52840_xxaa/app_usbd.c.o
 *fill*         0x000284a9        0x3 
 .rodata.event_setaddress.13
                0x000284ac        0x4 _build/nrf52840_xxaa/app_usbd.c.o
 .rodata.str1.4
                0x000284b0       0x21 _build/nrf52840_xxaa/app_usbd.c.o
 .rodata.app_usbd_cdc_acm_class_methods
                0x000284b0       0x14 _build/nrf52840_xxaa/app_usbd_cdc_acm.c.o
                0x000284b0                app_usbd_cdc_acm_class_methods
 .rodata.str1.4
                0x000284c4        0x8 _build/nrf52840_xxaa/app_usbd_cdc_acm.c.o
 .rodata.evt_data.0
                0x000284c4        0x1 _build/nrf52840_xxaa/app_usbd_core.c.o
 *fill*         0x000284c5        0x3 
 .rodata.usbd_descriptor_feeder_desc
                0x000284c8        0x8 _build/nrf52840_xxaa/app_usbd_core.c.o
 .rodata.m_setup_data_handler_empty_desc
                0x000284d0        0x8 _build/nrf52840_xxaa/app_usbd_core.c.o
 .rodata.app_usbd_core_inst
                0x000284d8       0x10 _build/nrf52840_xxaa/app_usbd_core.c.o
                0x000284d8                app_usbd_core_inst
 .rodata.m_core_methods
                0x000284e8       0x14 _build/nrf52840_xxaa/app_usbd_core.c.o
 .rodata.m_configuration_dsc
                0x000284fc        0x9 _build/nrf52840_xxaa/app_usbd_core.c.o
 *fill*         0x00028505        0x3 
 .rodata.m_device_dsc
                0x00028508       0x12 _build/nrf52840_xxaa/app_usbd_core.c.o
 .rodata.str1.4
                0x0002851a        0xe _build/nrf52840_xxaa/app_usbd_core.c.o
 *fill*         0x0002851a        0x2 
 .rodata.m_string_dsc
                0x0002851c       0x18 _build/nrf52840_xxaa/app_usbd_string_desc.c.o
 .rodata.__compound_literal.5
                0x00028534        0x7 _build/nrf52840_xxaa/app_usbd_string_desc.c.o
 *fill*         0x0002853b        0x1 
 .rodata.__compound_literal.4
                0x0002853c       0x16 _build/nrf52840_xxaa/app_usbd_string_desc.c.o
 *fill*         0x00028552        0x2 
 .rodata.__compound_literal.3
                0x00028554       0x13 _build/nrf52840_xxaa/app_usbd_string_desc.c.o
 *fill*         0x00028567        0x1 
 .rodata.__compound_literal.2
                0x00028568       0x15 _build/nrf52840_xxaa/app_usbd_string_desc.c.o
 *fill*         0x0002857d        0x3 
 .rodata.__compound_literal.1
                0x00028580        0x6 _build/nrf52840_xxaa/app_usbd_string_desc.c.o
 *fill*         0x00028586        0x2 
 .rodata.m_string_translation
                0x00028588        0xc _build/nrf52840_xxaa/app_usbd_string_desc.c.o
 .rodata.str1.4
                0x00028594        0x9 _build/nrf52840_xxaa/nrf_sortlist.c.o
 .rodata.str1.4
                0x00028594       0x1e _build/nrf52840_xxaa/app_timer2.c.o
 .rodata.str1.4
                0x00028594        0x9 _build/nrf52840_xxaa/nrf_pwr_mgmt.c.o
 .rodata.HardFault_c_handler.str1.4
                0x00028594      0x136 _build/nrf52840_xxaa/hardfault_implementation.c.o
 .rodata.str1.4
                0x00028594      0x4de _build/nrf52840_xxaa/hardfault_implementation.c.o
 .rodata.cfsr_msgs.0
                0x00028594       0x68 _build/nrf52840_xxaa/hardfault_implementation.c.o
 .rodata.str1.4
                0x000285fc        0x6 _build/nrf52840_xxaa/nrf_drv_clock.c.o
 .rodata.m_drv_power_config_default
                0x000285fc        0x1 _build/nrf52840_xxaa/nrf_drv_power.c.o
 .rodata.str1.4
                0x000285fd        0x6 _build/nrf52840_xxaa/nrfx_clock.c.o
 *fill*         0x000285fd        0x3 
 .rodata.epout_bitpos.0
                0x00028600        0x9 _build/nrf52840_xxaa/nrfx_usbd.c.o
 *fill*         0x00028609        0x3 
 .rodata.epin_bitpos.1
                0x0002860c        0x9 _build/nrf52840_xxaa/nrfx_usbd.c.o
 *fill*         0x00028615        0x3 
 .rodata.epout_endev.2
                0x00028618       0x12 _build/nrf52840_xxaa/nrfx_usbd.c.o
 *fill*         0x0002862a        0x2 
 .rodata.epin_endev.3
                0x0002862c       0x12 _build/nrf52840_xxaa/nrfx_usbd.c.o
 *fill*         0x0002863e        0x2 
 .rodata.m_isr  0x00028640       0x64 _build/nrf52840_xxaa/nrfx_usbd.c.o
 .rodata.str1.4
                0x000286a4        0x5 _build/nrf52840_xxaa/nrfx_usbd.c.o
 .rodata.str1.4
                0x000286a4        0x7 _build/nrf52840_xxaa/nrfx_gpiote.c.o
 .rodata.nrf_log_frontend_dequeue.str1.4
                0x000286a4       0x11 _build/nrf52840_xxaa/nrf_log_frontend.c.o
 .rodata.str1.4
                0x000286a4      0x283 _build/nrf52840_xxaa/nrf_log_frontend.c.o
 .rodata.usbd_config.0
                0x000286a4        0xc _build/nrf52840_xxaa/main.c.o
 .rodata.delay_machine_code.1
                0x000286b0        0x6 _build/nrf52840_xxaa/main.c.o
 *fill*         0x000286b6        0x2 
 .rodata.crc8_table
                0x000286b8      0x100 _build/nrf52840_xxaa/main.c.o
 .rodata.m_app_cdc_acm
                0x000287b8       0x24 _build/nrf52840_xxaa/main.c.o
                0x000287b8                m_app_cdc_acm
 *(.eh_frame*)
 .eh_frame      0x000287dc        0x0 /private/tmp/arm-gnu-toolchain-13.2.Rel1-darwin-arm64-arm-none-eabi/bin/../lib/gcc/arm-none-eabi/13.2.1/thumb/v7e-m+fp/hard/crtbegin.o
 .eh_frame      0x000287dc       0x28 /private/tmp/arm-gnu-toolchain-13.2.Rel1-darwin-arm64-arm-none-eabi/bin/../lib/gcc/arm-none-eabi/13.2.1/../../../../arm-none-eabi/lib/thumb/v7e-m+fp/hard/libc_nano.a(libc_a-strlen.o)
 .eh_frame      0x00028804       0x50 /private/tmp/arm-gnu-toolchain-13.2.Rel1-darwin-arm64-arm-none-eabi/bin/../lib/gcc/arm-none-eabi/13.2.1/../../../../arm-none-eabi/lib/thumb/v7e-m+fp/hard/libc_nano.a(libc_a-memchr.o)
 .eh_frame      0x00028854        0x4 /private/tmp/arm-gnu-toolchain-13.2.Rel1-darwin-arm64-arm-none-eabi/bin/../lib/gcc/arm-none-eabi/13.2.1/thumb/v7e-m+fp/hard/crtend.o

.glue_7         0x00028858        0x0
 .glue_7        0x00028858        0x0 linker stubs

.glue_7t        0x00028858        0x0
 .glue_7t       0x00028858        0x0 linker stubs

.vfp11_veneer   0x00028858        0x0
 .vfp11_veneer  0x00028858        0x0 linker stubs

.v4_bx          0x00028858        0x0
 .v4_bx         0x00028858        0x0 linker stubs

.iplt           0x00028858        0x0
 .iplt          0x00028858        0x0 /private/tmp/arm-gnu-toolchain-13.2.Rel1-darwin-arm64-arm-none-eabi/bin/../lib/gcc/arm-none-eabi/13.2.1/thumb/v7e-m+fp/hard/crtbegin.o

.mem_section_dummy_rom

.log_const_data
                0x00028858       0x78
                0x00028858                        PROVIDE (__start_log_const_data = .)
 *(SORT_BY_NAME(.log_const_data*))
 .log_const_data_CLOCK
                0x00028858        0x8 _build/nrf52840_xxaa/nrfx_clock.c.o
                0x00028858                m_nrf_log_CLOCK_logs_data_const
 .log_const_data_GPIOTE
                0x00028860        0x8 _build/nrf52840_xxaa/nrfx_gpiote.c.o
                0x00028860                m_nrf_log_GPIOTE_logs_data_const
 .log_const_data_USBD
                0x00028868        0x8 _build/nrf52840_xxaa/nrfx_usbd.c.o
                0x00028868                m_nrf_log_USBD_logs_data_const
 .log_const_data_app
                0x00028870        0x8 _build/nrf52840_xxaa/nrf_log_frontend.c.o
                0x00028870                m_nrf_log_app_logs_data_const
 .log_const_data_app_timer
                0x00028878        0x8 _build/nrf52840_xxaa/app_timer2.c.o
                0x00028878                m_nrf_log_app_timer_logs_data_const
 .log_const_data_app_usbd
                0x00028880        0x8 _build/nrf52840_xxaa/app_usbd.c.o
                0x00028880                m_nrf_log_app_usbd_logs_data_const
 .log_const_data_app_usbd_core
                0x00028888        0x8 _build/nrf52840_xxaa/app_usbd_core.c.o
                0x00028888                m_nrf_log_app_usbd_core_logs_data_const
 .log_const_data_atfifo_m_event_queue
                0x00028890        0x8 _build/nrf52840_xxaa/app_usbd.c.o
                0x00028890                m_nrf_log_atfifo_m_event_queue_logs_data_const
 .log_const_data_atfifo_m_req_fifo
                0x00028898        0x8 _build/nrf52840_xxaa/app_timer2.c.o
                0x00028898                m_nrf_log_atfifo_m_req_fifo_logs_data_const
 .log_const_data_balloc_log_mempool
                0x000288a0        0x8 _build/nrf52840_xxaa/nrf_log_frontend.c.o
                0x000288a0                m_nrf_log_balloc_log_mempool_logs_data_const
 .log_const_data_cdc_acm
                0x000288a8        0x8 _build/nrf52840_xxaa/app_usbd_cdc_acm.c.o
                0x000288a8                m_nrf_log_cdc_acm_logs_data_const
 .log_const_data_clock
                0x000288b0        0x8 _build/nrf52840_xxaa/nrf_drv_clock.c.o
                0x000288b0                m_nrf_log_clock_logs_data_const
 .log_const_data_hardfault
                0x000288b8        0x8 _build/nrf52840_xxaa/hardfault_implementation.c.o
                0x000288b8                m_nrf_log_hardfault_logs_data_const
 .log_const_data_pwr_mgmt
                0x000288c0        0x8 _build/nrf52840_xxaa/nrf_pwr_mgmt.c.o
                0x000288c0                m_nrf_log_pwr_mgmt_logs_data_const
 .log_const_data_sortlist
                0x000288c8        0x8 _build/nrf52840_xxaa/nrf_sortlist.c.o
                0x000288c8                m_nrf_log_sortlist_logs_data_const
                0x000288d0                        PROVIDE (__stop_log_const_data = .)

.log_backends   0x000288d0        0x0
                0x000288d0                        PROVIDE (__start_log_backends = .)
 *(SORT_BY_NAME(.log_backends*))
                0x000288d0                        PROVIDE (__stop_log_backends = .)

.pwr_mgmt_data  0x000288d0        0x0
                0x000288d0                        PROVIDE (__start_pwr_mgmt_data = .)
 *(SORT_BY_NAME(.pwr_mgmt_data*))
                0x000288d0                        PROVIDE (__stop_pwr_mgmt_data = .)

.nrf_queue      0x000288d0        0x0
                0x000288d0                        PROVIDE (__start_nrf_queue = .)
 *(.nrf_queue)
                0x000288d0                        PROVIDE (__stop_nrf_queue = .)

.nrf_balloc     0x000288d0       0x1c
                0x000288d0                        PROVIDE (__start_nrf_balloc = .)
 *(.nrf_balloc)
 .nrf_balloc    0x000288d0       0x1c _build/nrf52840_xxaa/nrf_log_frontend.c.o
                0x000288d0                log_mempool
                0x000288ec                        PROVIDE (__stop_nrf_balloc = .)

.ARM.extab
 *(.ARM.extab* .gnu.linkonce.armextab.*)
                0x000288ec                        __exidx_start = .

.ARM.exidx      0x000288ec        0x8
 *(.ARM.exidx* .gnu.linkonce.armexidx.*)
 .ARM.exidx     0x000288ec        0x8 /private/tmp/arm-gnu-toolchain-13.2.Rel1-darwin-arm64-arm-none-eabi/bin/../lib/gcc/arm-none-eabi/13.2.1/../../../../arm-none-eabi/lib/thumb/v7e-m+fp/hard/crt0.o
                                 0x10 (size before relaxing)
                0x000288f4                        __exidx_end = .

.rel.dyn        0x000288f4        0x0
 .rel.iplt      0x000288f4        0x0 /private/tmp/arm-gnu-toolchain-13.2.Rel1-darwin-arm64-arm-none-eabi/bin/../lib/gcc/arm-none-eabi/13.2.1/thumb/v7e-m+fp/hard/crtbegin.o
                0x000288f4                        . = ALIGN (0x4)
                0x000288f4                        __etext = .

.data           0x20000000       0x30 load address 0x000288f4
                0x20000000                        __data_start__ = .
 *(vtable)
 *(.data*)
 .data.SystemCoreClock
                0x20000000        0x4 _build/nrf52840_xxaa/system_nrf52840.c.o
                0x20000000                SystemCoreClock
 .data.clock_handler_item.3
                0x20000004        0x8 _build/nrf52840_xxaa/app_usbd.c.o
 .data.m_event_queue_inst
                0x2000000c       0x14 _build/nrf52840_xxaa/app_usbd.c.o
 .data.write_sector.3
                0x20000020        0x4 _build/nrf52840_xxaa/main.c.o
 .data.m_app_cdc_acm_ep
                0x20000024        0x1 _build/nrf52840_xxaa/main.c.o
                0x20000028                        . = ALIGN (0x4)
 *fill*         0x20000025        0x3 
                0x20000028                        PROVIDE (__preinit_array_start = .)
 *(.preinit_array)
                0x20000028                        PROVIDE (__preinit_array_end = .)
                0x20000028                        . = ALIGN (0x4)
                0x20000028                        PROVIDE (__init_array_start = .)
 *(SORT_BY_NAME(.init_array.*))
 *(.init_array)
 .init_array    0x20000028        0x4 /private/tmp/arm-gnu-toolchain-13.2.Rel1-darwin-arm64-arm-none-eabi/bin/../lib/gcc/arm-none-eabi/13.2.1/thumb/v7e-m+fp/hard/crtbegin.o
                0x2000002c                        PROVIDE (__init_array_end = .)
                0x2000002c                        . = ALIGN (0x4)
                [!provide]                        PROVIDE (__fini_array_start = .)
 *(SORT_BY_NAME(.fini_array.*))
 *(.fini_array)
 .fini_array    0x2000002c        0x4 /private/tmp/arm-gnu-toolchain-13.2.Rel1-darwin-arm64-arm-none-eabi/bin/../lib/gcc/arm-none-eabi/13.2.1/thumb/v7e-m+fp/hard/crtbegin.o
                [!provide]                        PROVIDE (__fini_array_end = .)
 *(.jcr*)
                0x20000030                        . = ALIGN (0x4)
                0x20000030                        __data_end__ = .
LOAD /private/tmp/arm-gnu-toolchain-13.2.Rel1-darwin-arm64-arm-none-eabi/bin/../lib/gcc/arm-none-eabi/13.2.1/thumb/v7e-m+fp/hard/crti.o
LOAD /private/tmp/arm-gnu-toolchain-13.2.Rel1-darwin-arm64-arm-none-eabi/bin/../lib/gcc/arm-none-eabi/13.2.1/thumb/v7e-m+fp/hard/crtbegin.o
LOAD /private/tmp/arm-gnu-toolchain-13.2.Rel1-darwin-arm64-arm-none-eabi/bin/../lib/gcc/arm-none-eabi/13.2.1/../../../../arm-none-eabi/lib/thumb/v7e-m+fp/hard/crt0.o
LOAD _build/nrf52840_xxaa/gcc_startup_nrf52840.S.o
LOAD _build/nrf52840_xxaa/system_nrf52840.c.o
LOAD _build/nrf52840_xxaa/app_error.c.o
LOAD _build/nrf52840_xxaa/app_error_handler_gcc.c.o
LOAD _build/nrf52840_xxaa/app_error_weak.c.o
LOAD _build/nrf52840_xxaa/app_util_platform.c.o
LOAD _build/nrf52840_xxaa/app_usbd.c.o
LOAD _build/nrf52840_xxaa/app_usbd_cdc_acm.c.o
LOAD _build/nrf52840_xxaa/app_usbd_core.c.o
LOAD _build/nrf52840_xxaa/app_usbd_serial_num.c.o
LOAD _build/nrf52840_xxaa/app_usbd_string_desc.c.o
LOAD _build/nrf52840_xxaa/nrf_atomic.c.o
LOAD _build/nrf52840_xxaa/nrf_atfifo.c.o
LOAD _build/nrf52840_xxaa/nrf_balloc.c.o
LOAD _build/nrf52840_xxaa/nrf_memobj.c.o
LOAD _build/nrf52840_xxaa/nrf_queue.c.o
LOAD _build/nrf52840_xxaa/nrf_ringbuf.c.o
LOAD _build/nrf52840_xxaa/nrf_strerror.c.o
LOAD _build/nrf52840_xxaa/nrf_section_iter.c.o
LOAD _build/nrf52840_xxaa/nrf_sortlist.c.o
LOAD _build/nrf52840_xxaa/app_timer2.c.o
LOAD _build/nrf52840_xxaa/drv_rtc.c.o
LOAD _build/nrf52840_xxaa/nrf_pwr_mgmt.c.o
LOAD _build/nrf52840_xxaa/hardfault_handler_gcc.c.o
LOAD _build/nrf52840_xxaa/hardfault_implementation.c.o
LOAD _build/nrf52840_xxaa/nrf_drv_clock.c.o
LOAD _build/nrf52840_xxaa/nrf_drv_power.c.o
LOAD _build/nrf52840_xxaa/nrf_nvic.c.o
LOAD _build/nrf52840_xxaa/nrf_soc.c.o
LOAD _build/nrf52840_xxaa/nrfx_atomic.c.o
LOAD _build/nrf52840_xxaa/nrfx_clock.c.o
LOAD _build/nrf52840_xxaa/nrfx_power.c.o
LOAD _build/nrf52840_xxaa/nrfx_systick.c.o
LOAD _build/nrf52840_xxaa/nrfx_usbd.c.o
LOAD _build/nrf52840_xxaa/nrfx_gpiote.c.o
LOAD _build/nrf52840_xxaa/nrf_fprintf.c.o
LOAD _build/nrf52840_xxaa/nrf_fprintf_format.c.o
LOAD _build/nrf52840_xxaa/utf.c.o
LOAD _build/nrf52840_xxaa/nrf_log_frontend.c.o
LOAD _build/nrf52840_xxaa/nrf_log_str_formatter.c.o
LOAD _build/nrf52840_xxaa/nrf_log_default_backends.c.o
LOAD _build/nrf52840_xxaa/nrf_log_backend_serial.c.o
LOAD _build/nrf52840_xxaa/main.c.o
LOAD /private/tmp/arm-gnu-toolchain-13.2.Rel1-darwin-arm64-arm-none-eabi/bin/../lib/gcc/arm-none-eabi/13.2.1/../../../../arm-none-eabi/lib/thumb/v7e-m+fp/hard/libc_nano.a
LOAD /private/tmp/arm-gnu-toolchain-13.2.Rel1-darwin-arm64-arm-none-eabi/bin/../lib/gcc/arm-none-eabi/13.2.1/../../../../arm-none-eabi/lib/thumb/v7e-m+fp/hard/libnosys.a
LOAD /private/tmp/arm-gnu-toolchain-13.2.Rel1-darwin-arm64-arm-none-eabi/bin/../lib/gcc/arm-none-eabi/13.2.1/../../../../arm-none-eabi/lib/thumb/v7e-m+fp/hard/libm.a
START GROUP
LOAD /private/tmp/arm-gnu-toolchain-13.2.Rel1-darwin-arm64-arm-none-eabi/bin/../lib/gcc/arm-none-eabi/13.2.1/thumb/v7e-m+fp/hard/libgcc.a
LOAD /private/tmp/arm-gnu-toolchain-13.2.Rel1-darwin-arm64-arm-none-eabi/bin/../lib/gcc/arm-none-eabi/13.2.1/../../../../arm-none-eabi/lib/thumb/v7e-m+fp/hard/libg_nano.a
LOAD /private/tmp/arm-gnu-toolchain-13.2.Rel1-darwin-arm64-arm-none-eabi/bin/../lib/gcc/arm-none-eabi/13.2.1/../../../../arm-none-eabi/lib/thumb/v7e-m+fp/hard/libc_nano.a
END GROUP
START GROUP
LOAD /private/tmp/arm-gnu-toolchain-13.2.Rel1-darwin-arm64-arm-none-eabi/bin/../lib/gcc/arm-none-eabi/13.2.1/thumb/v7e-m+fp/hard/libgcc.a
LOAD /private/tmp/arm-gnu-toolchain-13.2.Rel1-darwin-arm64-arm-none-eabi/bin/../lib/gcc/arm-none-eabi/13.2.1/../../../../arm-none-eabi/lib/thumb/v7e-m+fp/hard/libc_nano.a
END GROUP
LOAD /private/tmp/arm-gnu-toolchain-13.2.Rel1-darwin-arm64-arm-none-eabi/bin/../lib/gcc/arm-none-eabi/13.2.1/thumb/v7e-m+fp/hard/crtend.o
LOAD /private/tmp/arm-gnu-toolchain-13.2.Rel1-darwin-arm64-arm-none-eabi/bin/../lib/gcc/arm-none-eabi/13.2.1/thumb/v7e-m+fp/hard/crtn.o
START GROUP
LOAD /private/tmp/arm-gnu-toolchain-13.2.Rel1-darwin-arm64-arm-none-eabi/bin/../lib/gcc/arm-none-eabi/13.2.1/thumb/v7e-m+fp/hard/libgcc.a
LOAD /private/tmp/arm-gnu-toolchain-13.2.Rel1-darwin-arm64-arm-none-eabi/bin/../lib/gcc/arm-none-eabi/13.2.1/../../../../arm-none-eabi/lib/thumb/v7e-m+fp/hard/libc.a
LOAD /private/tmp/arm-gnu-toolchain-13.2.Rel1-darwin-arm64-arm-none-eabi/bin/../lib/gcc/arm-none-eabi/13.2.1/../../../../arm-none-eabi/lib/thumb/v7e-m+fp/hard/libnosys.a
END GROUP

.tm_clone_table
                0x20000030        0x0 load address 0x00028924
 .tm_clone_table
                0x20000030        0x0 /private/tmp/arm-gnu-toolchain-13.2.Rel1-darwin-arm64-arm-none-eabi/bin/../lib/gcc/arm-none-eabi/13.2.1/thumb/v7e-m+fp/hard/crtbegin.o
 .tm_clone_table
                0x20000030        0x0 /private/tmp/arm-gnu-toolchain-13.2.Rel1-darwin-arm64-arm-none-eabi/bin/../lib/gcc/arm-none-eabi/13.2.1/thumb/v7e-m+fp/hard/crtend.o

.igot.plt       0x20000030        0x0 load address 0x00028924
 .igot.plt      0x20000030        0x0 /private/tmp/arm-gnu-toolchain-13.2.Rel1-darwin-arm64-arm-none-eabi/bin/../lib/gcc/arm-none-eabi/13.2.1/thumb/v7e-m+fp/hard/crtbegin.o
                0x20000030                        . = ALIGN (0x4)

.mem_section_dummy_ram

.cli_sorted_cmd_ptrs
                0x20000030        0xc load address 0x00028924
                [!provide]                        PROVIDE (__start_cli_sorted_cmd_ptrs = .)
 *(.cli_sorted_cmd_ptrs)
 .cli_sorted_cmd_ptrs
                0x20000030        0x4 _build/nrf52840_xxaa/nrf_balloc.c.o
                0x20000030                balloc_str_ptr
 .cli_sorted_cmd_ptrs
                0x20000034        0x4 _build/nrf52840_xxaa/nrf_queue.c.o
                0x20000034                queue_str_ptr
 .cli_sorted_cmd_ptrs
                0x20000038        0x4 _build/nrf52840_xxaa/nrf_log_frontend.c.o
                0x20000038                log_str_ptr
                [!provide]                        PROVIDE (__stop_cli_sorted_cmd_ptrs = .)

.log_dynamic_data
                0x2000003c       0x3c load address 0x00028930
                0x2000003c                        PROVIDE (__start_log_dynamic_data = .)
 *(SORT_BY_NAME(.log_dynamic_data*))
 .log_dynamic_data_CLOCK
                0x2000003c        0x4 _build/nrf52840_xxaa/nrfx_clock.c.o
                0x2000003c                m_nrf_log_CLOCK_logs_data_dynamic
 .log_dynamic_data_GPIOTE
                0x20000040        0x4 _build/nrf52840_xxaa/nrfx_gpiote.c.o
                0x20000040                m_nrf_log_GPIOTE_logs_data_dynamic
 .log_dynamic_data_USBD
                0x20000044        0x4 _build/nrf52840_xxaa/nrfx_usbd.c.o
                0x20000044                m_nrf_log_USBD_logs_data_dynamic
 .log_dynamic_data_app
                0x20000048        0x4 _build/nrf52840_xxaa/nrf_log_frontend.c.o
                0x20000048                m_nrf_log_app_logs_data_dynamic
 .log_dynamic_data_app_timer
                0x2000004c        0x4 _build/nrf52840_xxaa/app_timer2.c.o
                0x2000004c                m_nrf_log_app_timer_logs_data_dynamic
 .log_dynamic_data_app_usbd
                0x20000050        0x4 _build/nrf52840_xxaa/app_usbd.c.o
                0x20000050                m_nrf_log_app_usbd_logs_data_dynamic
 .log_dynamic_data_app_usbd_core
                0x20000054        0x4 _build/nrf52840_xxaa/app_usbd_core.c.o
                0x20000054                m_nrf_log_app_usbd_core_logs_data_dynamic
 .log_dynamic_data_atfifo_m_event_queue
                0x20000058        0x4 _build/nrf52840_xxaa/app_usbd.c.o
                0x20000058                m_nrf_log_atfifo_m_event_queue_logs_data_dynamic
 .log_dynamic_data_atfifo_m_req_fifo
                0x2000005c        0x4 _build/nrf52840_xxaa/app_timer2.c.o
                0x2000005c                m_nrf_log_atfifo_m_req_fifo_logs_data_dynamic
 .log_dynamic_data_balloc_log_mempool
                0x20000060        0x4 _build/nrf52840_xxaa/nrf_log_frontend.c.o
                0x20000060                m_nrf_log_balloc_log_mempool_logs_data_dynamic
 .log_dynamic_data_cdc_acm
                0x20000064        0x4 _build/nrf52840_xxaa/app_usbd_cdc_acm.c.o
                0x20000064                m_nrf_log_cdc_acm_logs_data_dynamic
 .log_dynamic_data_clock
                0x20000068        0x4 _build/nrf52840_xxaa/nrf_drv_clock.c.o
                0x20000068                m_nrf_log_clock_logs_data_dynamic
 .log_dynamic_data_hardfault
                0x2000006c        0x4 _build/nrf52840_xxaa/hardfault_implementation.c.o
                0x2000006c                m_nrf_log_hardfault_logs_data_dynamic
 .log_dynamic_data_pwr_mgmt
                0x20000070        0x4 _build/nrf52840_xxaa/nrf_pwr_mgmt.c.o
                0x20000070                m_nrf_log_pwr_mgmt_logs_data_dynamic
 .log_dynamic_data_sortlist
                0x20000074        0x4 _build/nrf52840_xxaa/nrf_sortlist.c.o
                0x20000074                m_nrf_log_sortlist_logs_data_dynamic
                [!provide]                        PROVIDE (__stop_log_dynamic_data = .)

.log_filter_data
                0x20000078       0x3c load address 0x0002896c
                0x20000078                        PROVIDE (__start_log_filter_data = .)
 *(SORT_BY_NAME(.log_filter_data*))
 .log_filter_data_CLOCK
                0x20000078        0x4 _build/nrf52840_xxaa/nrfx_clock.c.o
                0x20000078                m_nrf_log_CLOCK_logs_data_filter
 .log_filter_data_GPIOTE
                0x2000007c        0x4 _build/nrf52840_xxaa/nrfx_gpiote.c.o
                0x2000007c                m_nrf_log_GPIOTE_logs_data_filter
 .log_filter_data_USBD
                0x20000080        0x4 _build/nrf52840_xxaa/nrfx_usbd.c.o
                0x20000080                m_nrf_log_USBD_logs_data_filter
 .log_filter_data_app
                0x20000084        0x4 _build/nrf52840_xxaa/nrf_log_frontend.c.o
                0x20000084                m_nrf_log_app_logs_data_filter
 .log_filter_data_app_timer
                0x20000088        0x4 _build/nrf52840_xxaa/app_timer2.c.o
                0x20000088                m_nrf_log_app_timer_logs_data_filter
 .log_filter_data_app_usbd
                0x2000008c        0x4 _build/nrf52840_xxaa/app_usbd.c.o
                0x2000008c                m_nrf_log_app_usbd_logs_data_filter
 .log_filter_data_app_usbd_core
                0x20000090        0x4 _build/nrf52840_xxaa/app_usbd_core.c.o
                0x20000090                m_nrf_log_app_usbd_core_logs_data_filter
 .log_filter_data_atfifo_m_event_queue
                0x20000094        0x4 _build/nrf52840_xxaa/app_usbd.c.o
                0x20000094                m_nrf_log_atfifo_m_event_queue_logs_data_filter
 .log_filter_data_atfifo_m_req_fifo
                0x20000098        0x4 _build/nrf52840_xxaa/app_timer2.c.o
                0x20000098                m_nrf_log_atfifo_m_req_fifo_logs_data_filter
 .log_filter_data_balloc_log_mempool
                0x2000009c        0x4 _build/nrf52840_xxaa/nrf_log_frontend.c.o
                0x2000009c                m_nrf_log_balloc_log_mempool_logs_data_filter
 .log_filter_data_cdc_acm
                0x200000a0        0x4 _build/nrf52840_xxaa/app_usbd_cdc_acm.c.o
                0x200000a0                m_nrf_log_cdc_acm_logs_data_filter
 .log_filter_data_clock
                0x200000a4        0x4 _build/nrf52840_xxaa/nrf_drv_clock.c.o
                0x200000a4                m_nrf_log_clock_logs_data_filter
 .log_filter_data_hardfault
                0x200000a8        0x4 _build/nrf52840_xxaa/hardfault_implementation.c.o
                0x200000a8                m_nrf_log_hardfault_logs_data_filter
 .log_filter_data_pwr_mgmt
                0x200000ac        0x4 _build/nrf52840_xxaa/nrf_pwr_mgmt.c.o
                0x200000ac                m_nrf_log_pwr_mgmt_logs_data_filter
 .log_filter_data_sortlist
                0x200000b0        0x4 _build/nrf52840_xxaa/nrf_sortlist.c.o
                0x200000b0                m_nrf_log_sortlist_logs_data_filter
                [!provide]                        PROVIDE (__stop_log_filter_data = .)

.bss            0x200000b8     0x30f8 load address 0x000289b0
                0x200000b8                        . = ALIGN (0x4)
                0x200000b8                        __bss_start__ = .
 *(.bss*)
 .bss.completed.1
                0x200000b8        0x1 /private/tmp/arm-gnu-toolchain-13.2.Rel1-darwin-arm64-arm-none-eabi/bin/../lib/gcc/arm-none-eabi/13.2.1/thumb/v7e-m+fp/hard/crtbegin.o
 *fill*         0x200000b9        0x3 
 .bss.object.0  0x200000bc       0x18 /private/tmp/arm-gnu-toolchain-13.2.Rel1-darwin-arm64-arm-none-eabi/bin/../lib/gcc/arm-none-eabi/13.2.1/thumb/v7e-m+fp/hard/crtbegin.o
 .bss.m_in_critical_region
                0x200000d4        0x4 _build/nrf52840_xxaa/app_util_platform.c.o
 .bss.cx.0      0x200000d8        0x4 _build/nrf52840_xxaa/app_usbd.c.o
 .bss.p_event_item.1
                0x200000dc        0x4 _build/nrf52840_xxaa/app_usbd.c.o
 .bss.m_current_conf
                0x200000e0        0xc _build/nrf52840_xxaa/app_usbd.c.o
 .bss.m_rwu_registered_counter
                0x200000ec        0x1 _build/nrf52840_xxaa/app_usbd.c.o
 .bss.m_sustate
                0x200000ed        0x1 _build/nrf52840_xxaa/app_usbd.c.o
 *fill*         0x200000ee        0x2 
 .bss.m_p_first_sof_interrupt_cinst
                0x200000f0        0x4 _build/nrf52840_xxaa/app_usbd.c.o
 .bss.m_p_first_sof_cinst
                0x200000f4        0x4 _build/nrf52840_xxaa/app_usbd.c.o
 .bss.m_p_first_cinst
                0x200000f8        0x4 _build/nrf52840_xxaa/app_usbd.c.o
 .bss.m_epout_conf
                0x200000fc       0x48 _build/nrf52840_xxaa/app_usbd.c.o
 .bss.m_epin_conf
                0x20000144       0x48 _build/nrf52840_xxaa/app_usbd.c.o
 .bss.m_event_frame
                0x2000018c        0x2 _build/nrf52840_xxaa/app_usbd.c.o
 *fill*         0x2000018e        0x2 
 .bss.m_sof_events_cnt
                0x20000190        0x4 _build/nrf52840_xxaa/app_usbd.c.o
 .bss.m_event_queue_data
                0x20000194      0x108 _build/nrf52840_xxaa/app_usbd.c.o
 .bss.j.1       0x2000029c        0x1 _build/nrf52840_xxaa/app_usbd_cdc_acm.c.o
 .bss.endpoints.2
                0x2000029d        0x1 _build/nrf52840_xxaa/app_usbd_cdc_acm.c.o
 *fill*         0x2000029e        0x2 
 .bss.p_cur_iface.3
                0x200002a0        0x4 _build/nrf52840_xxaa/app_usbd_cdc_acm.c.o
 .bss.i.4       0x200002a4        0x1 _build/nrf52840_xxaa/app_usbd_cdc_acm.c.o
 *fill*         0x200002a5        0x3 
 .bss.m_descriptor_conf_feed_data
                0x200002a8       0x18 _build/nrf52840_xxaa/app_usbd_core.c.o
 .bss.app_usbd_core_inst_data
                0x200002c0        0xc _build/nrf52840_xxaa/app_usbd_core.c.o
 .bss.m_ep0_handler_desc
                0x200002cc        0x8 _build/nrf52840_xxaa/app_usbd_core.c.o
 .bss.m_setup_transfer_buff
                0x200002d4       0x40 _build/nrf52840_xxaa/app_usbd_core.c.o
 .bss.m_rwu_pending
                0x20000314        0x4 _build/nrf52840_xxaa/app_usbd_core.c.o
 .bss.m_device_features_state
                0x20000318        0x1 _build/nrf52840_xxaa/app_usbd_core.c.o
 .bss.m_app_usbd_state
                0x20000319        0x1 _build/nrf52840_xxaa/app_usbd_core.c.o
 *fill*         0x2000031a        0x2 
 .bss.g_extern_serial_number
                0x2000031c        0xd _build/nrf52840_xxaa/app_usbd_serial_num.c.o
                0x2000031c                g_extern_serial_number
 *fill*         0x20000329        0x3 
 .bss.m_cb      0x2000032c        0x8 _build/nrf52840_xxaa/drv_rtc.c.o
 .bss.m_handlers
                0x20000334        0x4 _build/nrf52840_xxaa/drv_rtc.c.o
 .bss.m_clock_cb
                0x20000338       0x14 _build/nrf52840_xxaa/nrf_drv_clock.c.o
 .bss.m_initialized
                0x2000034c        0x1 _build/nrf52840_xxaa/nrf_drv_power.c.o
 .bss.nrfx_clock_irq_enabled
                0x2000034d        0x1 _build/nrf52840_xxaa/nrfx_clock.c.o
                0x2000034d                nrfx_clock_irq_enabled
 *fill*         0x2000034e        0x2 
 .bss.m_clock_cb
                0x20000350        0x8 _build/nrf52840_xxaa/nrfx_clock.c.o
 .bss.m_usbevt_handler
                0x20000358        0x4 _build/nrf52840_xxaa/nrfx_power.c.o
 .bss.m_sleepevt_handler
                0x2000035c        0x4 _build/nrf52840_xxaa/nrfx_power.c.o
 .bss.m_pofwarn_handler
                0x20000360        0x4 _build/nrf52840_xxaa/nrfx_power.c.o
 .bss.nrfx_power_irq_enabled
                0x20000364        0x1 _build/nrf52840_xxaa/nrfx_power.c.o
                0x20000364                nrfx_power_irq_enabled
 *fill*         0x20000365        0x3 
 .bss.m_tx_buffer
                0x20000368       0x40 _build/nrf52840_xxaa/nrfx_usbd.c.o
 .bss.m_ep_consumer_state
                0x200003a8       0x6c _build/nrf52840_xxaa/nrfx_usbd.c.o
                0x200003a8                m_ep_consumer_state
 .bss.m_ep_feeder_state
                0x20000414       0x6c _build/nrf52840_xxaa/nrfx_usbd.c.o
                0x20000414                m_ep_feeder_state
 .bss.m_ep_state
                0x20000480      0x120 _build/nrf52840_xxaa/nrfx_usbd.c.o
 .bss.m_dma_pending
                0x200005a0        0x1 _build/nrf52840_xxaa/nrfx_usbd.c.o
 *fill*         0x200005a1        0x3 
 .bss.m_ep_dma_waiting
                0x200005a4        0x4 _build/nrf52840_xxaa/nrfx_usbd.c.o
 .bss.m_ep_ready
                0x200005a8        0x4 _build/nrf52840_xxaa/nrfx_usbd.c.o
 .bss.m_last_setup_dir
                0x200005ac        0x1 _build/nrf52840_xxaa/nrfx_usbd.c.o
 .bss.m_bus_suspend
                0x200005ad        0x1 _build/nrf52840_xxaa/nrfx_usbd.c.o
 *fill*         0x200005ae        0x2 
 .bss.m_event_handler
                0x200005b0        0x4 _build/nrf52840_xxaa/nrfx_usbd.c.o
 .bss.m_drv_state
                0x200005b4        0x1 _build/nrf52840_xxaa/nrfx_usbd.c.o
 *fill*         0x200005b5        0x3 
 .bss.m_cb      0x200005b8       0x6c _build/nrf52840_xxaa/nrfx_gpiote.c.o
 .bss.m_log_data
                0x20000624      0x420 _build/nrf52840_xxaa/nrf_log_frontend.c.o
 .bss.log_mempool_nrf_balloc_cb
                0x20000a44        0x8 _build/nrf52840_xxaa/nrf_log_frontend.c.o
 .bss.log_mempool_nrf_balloc_pool_mem
                0x20000a4c       0xc0 _build/nrf52840_xxaa/nrf_log_frontend.c.o
 .bss.log_mempool_nrf_balloc_pool_stack
                0x20000b0c        0x8 _build/nrf52840_xxaa/nrf_log_frontend.c.o
 .bss.write_offset.2
                0x20000b14        0x4 _build/nrf52840_xxaa/main.c.o
 .bss.cobs_rx_len
                0x20000b18        0x4 _build/nrf52840_xxaa/main.c.o
 .bss.cobs_rx_buf
                0x20000b1c      0x200 _build/nrf52840_xxaa/main.c.o
 .bss.cdc_rx_byte
                0x20000d1c        0x1 _build/nrf52840_xxaa/main.c.o
 *fill*         0x20000d1d        0x3 
 .bss.sector_buf
                0x20000d20     0x2000 _build/nrf52840_xxaa/main.c.o
 .bss.tx_buf    0x20002d20      0x400 _build/nrf52840_xxaa/main.c.o
 .bss.emmc_initialized
                0x20003120        0x1 _build/nrf52840_xxaa/main.c.o
 *fill*         0x20003121        0x3 
 .bss.m_app_cdc_acm_data
                0x20003124       0x88 _build/nrf52840_xxaa/main.c.o
 .bss.__stdio_exit_handler
                0x200031ac        0x4 /private/tmp/arm-gnu-toolchain-13.2.Rel1-darwin-arm64-arm-none-eabi/bin/../lib/gcc/arm-none-eabi/13.2.1/../../../../arm-none-eabi/lib/thumb/v7e-m+fp/hard/libc_nano.a(libc_a-findfp.o)
                0x200031ac                __stdio_exit_handler
 *(COMMON)
                0x200031b0                        . = ALIGN (0x4)
                0x200031b0                        __bss_end__ = .

.heap           0x200031b0     0x2000
                0x200031b0                        __HeapBase = .
                0x200031b0                        __end__ = .
                0x200031b0                        PROVIDE (end = .)
 *(.heap*)
 .heap          0x200031b0     0x2000 _build/nrf52840_xxaa/gcc_startup_nrf52840.S.o
                0x200051b0                        __HeapLimit = .

.stack_dummy    0x200031b0     0x2000
 *(.stack*)
 .stack         0x200031b0     0x2000 _build/nrf52840_xxaa/gcc_startup_nrf52840.S.o
                0x2001fff0                        __StackTop = (ORIGIN (RAM) + LENGTH (RAM))
                0x2001dff0                        __StackLimit = (__StackTop - SIZEOF (.stack_dummy))
                0x2001fff0                        PROVIDE (__stack = __StackTop)
                0x00000001                        ASSERT ((__StackLimit >= __HeapLimit), region RAM overflowed with stack)
                0x000000b8                        DataInitFlashUsed = (__bss_start__ - __data_start__)
                0x000088f4                        CodeFlashUsed = (__etext - ORIGIN (FLASH))
                0x000089ac                        TotalFlashUsed = (CodeFlashUsed + DataInitFlashUsed)
                0x00000001                        ASSERT ((TotalFlashUsed <= LENGTH (FLASH)), region FLASH overflowed with .data and user data)
OUTPUT(_build/nrf52840_xxaa.out elf32-littlearm)
LOAD linker stubs

.ARM.attributes
                0x00000000       0x30
 .ARM.attributes
                0x00000000       0x22 /private/tmp/arm-gnu-toolchain-13.2.Rel1-darwin-arm64-arm-none-eabi/bin/../lib/gcc/arm-none-eabi/13.2.1/thumb/v7e-m+fp/hard/crti.o
 .ARM.attributes
                0x00000022       0x34 /private/tmp/arm-gnu-toolchain-13.2.Rel1-darwin-arm64-arm-none-eabi/bin/../lib/gcc/arm-none-eabi/13.2.1/thumb/v7e-m+fp/hard/crtbegin.o
 .ARM.attributes
                0x00000056       0x20 /private/tmp/arm-gnu-toolchain-13.2.Rel1-darwin-arm64-arm-none-eabi/bin/../lib/gcc/arm-none-eabi/13.2.1/../../../../arm-none-eabi/lib/thumb/v7e-m+fp/hard/crt0.o
 .ARM.attributes
                0x00000076       0x20 _build/nrf52840_xxaa/gcc_startup_nrf52840.S.o
 .ARM.attributes
                0x00000096       0x34 _build/nrf52840_xxaa/system_nrf52840.c.o
 .ARM.attributes
                0x000000ca       0x34 _build/nrf52840_xxaa/app_error.c.o
 .ARM.attributes
                0x000000fe       0x34 _build/nrf52840_xxaa/app_error_weak.c.o
 .ARM.attributes
                0x00000132       0x34 _build/nrf52840_xxaa/app_util_platform.c.o
 .ARM.attributes
                0x00000166       0x34 _build/nrf52840_xxaa/app_usbd.c.o
 .ARM.attributes
                0x0000019a       0x34 _build/nrf52840_xxaa/app_usbd_cdc_acm.c.o
 .ARM.attributes
                0x000001ce       0x34 _build/nrf52840_xxaa/app_usbd_core.c.o
 .ARM.attributes
                0x00000202       0x34 _build/nrf52840_xxaa/app_usbd_serial_num.c.o
 .ARM.attributes
                0x00000236       0x34 _build/nrf52840_xxaa/app_usbd_string_desc.c.o
 .ARM.attributes
                0x0000026a       0x34 _build/nrf52840_xxaa/nrf_atomic.c.o
 .ARM.attributes
                0x0000029e       0x34 _build/nrf52840_xxaa/nrf_atfifo.c.o
 .ARM.attributes
                0x000002d2       0x34 _build/nrf52840_xxaa/nrf_balloc.c.o
 .ARM.attributes
                0x00000306       0x34 _build/nrf52840_xxaa/nrf_memobj.c.o
 .ARM.attributes
                0x0000033a       0x34 _build/nrf52840_xxaa/nrf_queue.c.o
 .ARM.attributes
                0x0000036e       0x34 _build/nrf52840_xxaa/nrf_sortlist.c.o
 .ARM.attributes
                0x000003a2       0x34 _build/nrf52840_xxaa/app_timer2.c.o
 .ARM.attributes
                0x000003d6       0x34 _build/nrf52840_xxaa/drv_rtc.c.o
 .ARM.attributes
                0x0000040a       0x34 _build/nrf52840_xxaa/nrf_pwr_mgmt.c.o
 .ARM.attributes
                0x0000043e       0x34 _build/nrf52840_xxaa/hardfault_handler_gcc.c.o
 .ARM.attributes
                0x00000472       0x34 _build/nrf52840_xxaa/hardfault_implementation.c.o
 .ARM.attributes
                0x000004a6       0x34 _build/nrf52840_xxaa/nrf_drv_clock.c.o
 .ARM.attributes
                0x000004da       0x34 _build/nrf52840_xxaa/nrf_drv_power.c.o
 .ARM.attributes
                0x0000050e       0x34 _build/nrf52840_xxaa/nrfx_atomic.c.o
 .ARM.attributes
                0x00000542       0x34 _build/nrf52840_xxaa/nrfx_clock.c.o
 .ARM.attributes
                0x00000576       0x34 _build/nrf52840_xxaa/nrfx_power.c.o
 .ARM.attributes
                0x000005aa       0x34 _build/nrf52840_xxaa/nrfx_usbd.c.o
 .ARM.attributes
                0x000005de       0x34 _build/nrf52840_xxaa/nrfx_gpiote.c.o
 .ARM.attributes
                0x00000612       0x34 _build/nrf52840_xxaa/nrf_log_frontend.c.o
 .ARM.attributes
                0x00000646       0x34 _build/nrf52840_xxaa/main.c.o
 .ARM.attributes
                0x0000067a       0x34 /private/tmp/arm-gnu-toolchain-13.2.Rel1-darwin-arm64-arm-none-eabi/bin/../lib/gcc/arm-none-eabi/13.2.1/../../../../arm-none-eabi/lib/thumb/v7e-m+fp/hard/libc_nano.a(libc_a-exit.o)
 .ARM.attributes
                0x000006ae       0x34 /private/tmp/arm-gnu-toolchain-13.2.Rel1-darwin-arm64-arm-none-eabi/bin/../lib/gcc/arm-none-eabi/13.2.1/../../../../arm-none-eabi/lib/thumb/v7e-m+fp/hard/libc_nano.a(libc_a-findfp.o)
 .ARM.attributes
                0x000006e2       0x34 /private/tmp/arm-gnu-toolchain-13.2.Rel1-darwin-arm64-arm-none-eabi/bin/../lib/gcc/arm-none-eabi/13.2.1/../../../../arm-none-eabi/lib/thumb/v7e-m+fp/hard/libc_nano.a(libc_a-memset.o)
 .ARM.attributes
                0x00000716       0x34 /private/tmp/arm-gnu-toolchain-13.2.Rel1-darwin-arm64-arm-none-eabi/bin/../lib/gcc/arm-none-eabi/13.2.1/../../../../arm-none-eabi/lib/thumb/v7e-m+fp/hard/libc_nano.a(libc_a-init.o)
 .ARM.attributes
                0x0000074a       0x34 /private/tmp/arm-gnu-toolchain-13.2.Rel1-darwin-arm64-arm-none-eabi/bin/../lib/gcc/arm-none-eabi/13.2.1/../../../../arm-none-eabi/lib/thumb/v7e-m+fp/hard/libc_nano.a(libc_a-memcpy-stub.o)
 .ARM.attributes
                0x0000077e       0x17 /private/tmp/arm-gnu-toolchain-13.2.Rel1-darwin-arm64-arm-none-eabi/bin/../lib/gcc/arm-none-eabi/13.2.1/../../../../arm-none-eabi/lib/thumb/v7e-m+fp/hard/libc_nano.a(libc_a-strlen.o)
 .ARM.attributes
                0x00000795       0x1c /private/tmp/arm-gnu-toolchain-13.2.Rel1-darwin-arm64-arm-none-eabi/bin/../lib/gcc/arm-none-eabi/13.2.1/../../../../arm-none-eabi/lib/thumb/v7e-m+fp/hard/libc_nano.a(libc_a-memchr.o)
 .ARM.attributes
                0x000007b1       0x34 /private/tmp/arm-gnu-toolchain-13.2.Rel1-darwin-arm64-arm-none-eabi/bin/../lib/gcc/arm-none-eabi/13.2.1/../../../../arm-none-eabi/lib/thumb/v7e-m+fp/hard/libnosys.a(_exit.o)
 .ARM.attributes
                0x000007e5       0x34 /private/tmp/arm-gnu-toolchain-13.2.Rel1-darwin-arm64-arm-none-eabi/bin/../lib/gcc/arm-none-eabi/13.2.1/thumb/v7e-m+fp/hard/crtend.o
 .ARM.attributes
                0x00000819       0x22 /private/tmp/arm-gnu-toolchain-13.2.Rel1-darwin-arm64-arm-none-eabi/bin/../lib/gcc/arm-none-eabi/13.2.1/thumb/v7e-m+fp/hard/crtn.o

.comment        0x00000000       0x44
 .comment       0x00000000       0x44 _build/nrf52840_xxaa/system_nrf52840.c.o
                                 0x45 (size before relaxing)
 .comment       0x00000044       0x45 _build/nrf52840_xxaa/app_error.c.o
 .comment       0x00000044       0x45 _build/nrf52840_xxaa/app_error_weak.c.o
 .comment       0x00000044       0x45 _build/nrf52840_xxaa/app_util_platform.c.o
 .comment       0x00000044       0x45 _build/nrf52840_xxaa/app_usbd.c.o
 .comment       0x00000044       0x45 _build/nrf52840_xxaa/app_usbd_cdc_acm.c.o
 .comment       0x00000044       0x45 _build/nrf52840_xxaa/app_usbd_core.c.o
 .comment       0x00000044       0x45 _build/nrf52840_xxaa/app_usbd_serial_num.c.o
 .comment       0x00000044       0x45 _build/nrf52840_xxaa/app_usbd_string_desc.c.o
 .comment       0x00000044       0x45 _build/nrf52840_xxaa/nrf_atomic.c.o
 .comment       0x00000044       0x45 _build/nrf52840_xxaa/nrf_atfifo.c.o
 .comment       0x00000044       0x45 _build/nrf52840_xxaa/nrf_balloc.c.o
 .comment       0x00000044       0x45 _build/nrf52840_xxaa/nrf_memobj.c.o
 .comment       0x00000044       0x45 _build/nrf52840_xxaa/nrf_queue.c.o
 .comment       0x00000044       0x45 _build/nrf52840_xxaa/nrf_sortlist.c.o
 .comment       0x00000044       0x45 _build/nrf52840_xxaa/app_timer2.c.o
 .comment       0x00000044       0x45 _build/nrf52840_xxaa/drv_rtc.c.o
 .comment       0x00000044       0x45 _build/nrf52840_xxaa/nrf_pwr_mgmt.c.o
 .comment       0x00000044       0x45 _build/nrf52840_xxaa/hardfault_handler_gcc.c.o
 .comment       0x00000044       0x45 _build/nrf52840_xxaa/hardfault_implementation.c.o
 .comment       0x00000044       0x45 _build/nrf52840_xxaa/nrf_drv_clock.c.o
 .comment       0x00000044       0x45 _build/nrf52840_xxaa/nrf_drv_power.c.o
 .comment       0x00000044       0x45 _build/nrf52840_xxaa/nrfx_atomic.c.o
 .comment       0x00000044       0x45 _build/nrf52840_xxaa/nrfx_clock.c.o
 .comment       0x00000044       0x45 _build/nrf52840_xxaa/nrfx_power.c.o
 .comment       0x00000044       0x45 _build/nrf52840_xxaa/nrfx_usbd.c.o
 .comment       0x00000044       0x45 _build/nrf52840_xxaa/nrfx_gpiote.c.o
 .comment       0x00000044       0x45 _build/nrf52840_xxaa/nrf_log_frontend.c.o
 .comment       0x00000044       0x45 _build/nrf52840_xxaa/main.c.o

.debug_line_str
                0x00000000      0x255
 .debug_line_str
                0x00000000      0x255 /private/tmp/arm-gnu-toolchain-13.2.Rel1-darwin-arm64-arm-none-eabi/bin/../lib/gcc/arm-none-eabi/13.2.1/../../../../arm-none-eabi/lib/thumb/v7e-m+fp/hard/crt0.o
                                 0xdf (size before relaxing)
 .debug_line_str
                0x00000255       0x79 _build/nrf52840_xxaa/gcc_startup_nrf52840.S.o
 .debug_line_str
                0x00000255       0xf4 /private/tmp/arm-gnu-toolchain-13.2.Rel1-darwin-arm64-arm-none-eabi/bin/../lib/gcc/arm-none-eabi/13.2.1/../../../../arm-none-eabi/lib/thumb/v7e-m+fp/hard/libc_nano.a(libc_a-strlen.o)
 .debug_line_str
                0x00000255       0xea /private/tmp/arm-gnu-toolchain-13.2.Rel1-darwin-arm64-arm-none-eabi/bin/../lib/gcc/arm-none-eabi/13.2.1/../../../../arm-none-eabi/lib/thumb/v7e-m+fp/hard/libc_nano.a(libc_a-memchr.o)

.debug_line     0x00000000    0x2e07a
 .debug_line    0x00000000       0x69 _build/nrf52840_xxaa/gcc_startup_nrf52840.S.o
 .debug_line    0x00000069      0x94d _build/nrf52840_xxaa/system_nrf52840.c.o
 .debug_line    0x000009b6      0x604 _build/nrf52840_xxaa/app_error.c.o
 .debug_line    0x00000fba      0x90c _build/nrf52840_xxaa/app_error_weak.c.o
 .debug_line    0x000018c6      0x6ea _build/nrf52840_xxaa/app_util_platform.c.o
 .debug_line    0x00001fb0     0x47e9 _build/nrf52840_xxaa/app_usbd.c.o
 .debug_line    0x00006799     0x3955 _build/nrf52840_xxaa/app_usbd_cdc_acm.c.o
 .debug_line    0x0000a0ee     0x1b7c _build/nrf52840_xxaa/app_usbd_core.c.o
 .debug_line    0x0000bc6a      0xa80 _build/nrf52840_xxaa/app_usbd_serial_num.c.o
 .debug_line    0x0000c6ea      0xba5 _build/nrf52840_xxaa/app_usbd_string_desc.c.o
 .debug_line    0x0000d28f      0x955 _build/nrf52840_xxaa/nrf_atomic.c.o
 .debug_line    0x0000dbe4      0xb85 _build/nrf52840_xxaa/nrf_atfifo.c.o
 .debug_line    0x0000e769      0xcd3 _build/nrf52840_xxaa/nrf_balloc.c.o
 .debug_line    0x0000f43c      0xca3 _build/nrf52840_xxaa/nrf_memobj.c.o
 .debug_line    0x000100df     0x17e4 _build/nrf52840_xxaa/nrf_queue.c.o
 .debug_line    0x000118c3      0x8a3 _build/nrf52840_xxaa/nrf_sortlist.c.o
 .debug_line    0x00012166     0x13bc _build/nrf52840_xxaa/app_timer2.c.o
 .debug_line    0x00013522     0x174a _build/nrf52840_xxaa/drv_rtc.c.o
 .debug_line    0x00014c6c      0xf59 _build/nrf52840_xxaa/nrf_pwr_mgmt.c.o
 .debug_line    0x00015bc5      0x5a0 _build/nrf52840_xxaa/hardfault_handler_gcc.c.o
 .debug_line    0x00016165      0xaaf _build/nrf52840_xxaa/hardfault_implementation.c.o
 .debug_line    0x00016c14      0xf71 _build/nrf52840_xxaa/nrf_drv_clock.c.o
 .debug_line    0x00017b85      0xa60 _build/nrf52840_xxaa/nrf_drv_power.c.o
 .debug_line    0x000185e5      0xb0f _build/nrf52840_xxaa/nrfx_atomic.c.o
 .debug_line    0x000190f4     0x121a _build/nrf52840_xxaa/nrfx_clock.c.o
 .debug_line    0x0001a30e     0x1161 _build/nrf52840_xxaa/nrfx_power.c.o
 .debug_line    0x0001b46f     0x6ae2 _build/nrf52840_xxaa/nrfx_usbd.c.o
 .debug_line    0x00021f51     0x37be _build/nrf52840_xxaa/nrfx_gpiote.c.o
 .debug_line    0x0002570f     0x34c9 _build/nrf52840_xxaa/nrf_log_frontend.c.o
 .debug_line    0x00028bd8     0x54a2 _build/nrf52840_xxaa/main.c.o

.debug_info     0x00000000    0x37fee
 .debug_info    0x00000000      0x2e4 _build/nrf52840_xxaa/gcc_startup_nrf52840.S.o
 .debug_info    0x000002e4     0x177e _build/nrf52840_xxaa/system_nrf52840.c.o
 .debug_info    0x00001a62      0x2be _build/nrf52840_xxaa/app_error.c.o
 .debug_info    0x00001d20      0x4d8 _build/nrf52840_xxaa/app_error_weak.c.o
 .debug_info    0x000021f8      0x7c0 _build/nrf52840_xxaa/app_util_platform.c.o
 .debug_info    0x000029b8     0x6dd1 _build/nrf52840_xxaa/app_usbd.c.o
 .debug_info    0x00009789     0x355a _build/nrf52840_xxaa/app_usbd_cdc_acm.c.o
 .debug_info    0x0000cce3     0x37de _build/nrf52840_xxaa/app_usbd_core.c.o
 .debug_info    0x000104c1      0x678 _build/nrf52840_xxaa/app_usbd_serial_num.c.o
 .debug_info    0x00010b39      0x808 _build/nrf52840_xxaa/app_usbd_string_desc.c.o
 .debug_info    0x00011341      0xa65 _build/nrf52840_xxaa/nrf_atomic.c.o
 .debug_info    0x00011da6      0xb63 _build/nrf52840_xxaa/nrf_atfifo.c.o
 .debug_info    0x00012909      0xff4 _build/nrf52840_xxaa/nrf_balloc.c.o
 .debug_info    0x000138fd      0xbec _build/nrf52840_xxaa/nrf_memobj.c.o
 .debug_info    0x000144e9     0x2235 _build/nrf52840_xxaa/nrf_queue.c.o
 .debug_info    0x0001671e      0x41f _build/nrf52840_xxaa/nrf_sortlist.c.o
 .debug_info    0x00016b3d     0x1a2d _build/nrf52840_xxaa/app_timer2.c.o
 .debug_info    0x0001856a     0x2118 _build/nrf52840_xxaa/drv_rtc.c.o
 .debug_info    0x0001a682     0x11a3 _build/nrf52840_xxaa/nrf_pwr_mgmt.c.o
 .debug_info    0x0001b825       0xba _build/nrf52840_xxaa/hardfault_handler_gcc.c.o
 .debug_info    0x0001b8df      0x6ce _build/nrf52840_xxaa/hardfault_implementation.c.o
 .debug_info    0x0001bfad      0xf2a _build/nrf52840_xxaa/nrf_drv_clock.c.o
 .debug_info    0x0001ced7      0x7d1 _build/nrf52840_xxaa/nrf_drv_power.c.o
 .debug_info    0x0001d6a8      0xa4f _build/nrf52840_xxaa/nrfx_atomic.c.o
 .debug_info    0x0001e0f7     0x14c8 _build/nrf52840_xxaa/nrfx_clock.c.o
 .debug_info    0x0001f5bf     0x1b98 _build/nrf52840_xxaa/nrfx_power.c.o
 .debug_info    0x00021157     0x76c7 _build/nrf52840_xxaa/nrfx_usbd.c.o
 .debug_info    0x0002881e     0x3d48 _build/nrf52840_xxaa/nrfx_gpiote.c.o
 .debug_info    0x0002c566     0x5a02 _build/nrf52840_xxaa/nrf_log_frontend.c.o
 .debug_info    0x00031f68     0x6086 _build/nrf52840_xxaa/main.c.o

.debug_abbrev   0x00000000     0x7234
 .debug_abbrev  0x00000000       0x28 _build/nrf52840_xxaa/gcc_startup_nrf52840.S.o
 .debug_abbrev  0x00000028      0x355 _build/nrf52840_xxaa/system_nrf52840.c.o
 .debug_abbrev  0x0000037d      0x147 _build/nrf52840_xxaa/app_error.c.o
 .debug_abbrev  0x000004c4      0x23c _build/nrf52840_xxaa/app_error_weak.c.o
 .debug_abbrev  0x00000700      0x272 _build/nrf52840_xxaa/app_util_platform.c.o
 .debug_abbrev  0x00000972      0x6ff _build/nrf52840_xxaa/app_usbd.c.o
 .debug_abbrev  0x00001071      0x55f _build/nrf52840_xxaa/app_usbd_cdc_acm.c.o
 .debug_abbrev  0x000015d0      0x5ee _build/nrf52840_xxaa/app_usbd_core.c.o
 .debug_abbrev  0x00001bbe      0x250 _build/nrf52840_xxaa/app_usbd_serial_num.c.o
 .debug_abbrev  0x00001e0e      0x222 _build/nrf52840_xxaa/app_usbd_string_desc.c.o
 .debug_abbrev  0x00002030      0x216 _build/nrf52840_xxaa/nrf_atomic.c.o
 .debug_abbrev  0x00002246      0x2cd _build/nrf52840_xxaa/nrf_atfifo.c.o
 .debug_abbrev  0x00002513      0x42b _build/nrf52840_xxaa/nrf_balloc.c.o
 .debug_abbrev  0x0000293e      0x2c3 _build/nrf52840_xxaa/nrf_memobj.c.o
 .debug_abbrev  0x00002c01      0x55e _build/nrf52840_xxaa/nrf_queue.c.o
 .debug_abbrev  0x0000315f      0x17d _build/nrf52840_xxaa/nrf_sortlist.c.o
 .debug_abbrev  0x000032dc      0x558 _build/nrf52840_xxaa/app_timer2.c.o
 .debug_abbrev  0x00003834      0x53a _build/nrf52840_xxaa/drv_rtc.c.o
 .debug_abbrev  0x00003d6e      0x458 _build/nrf52840_xxaa/nrf_pwr_mgmt.c.o
 .debug_abbrev  0x000041c6       0x79 _build/nrf52840_xxaa/hardfault_handler_gcc.c.o
 .debug_abbrev  0x0000423f      0x29b _build/nrf52840_xxaa/hardfault_implementation.c.o
 .debug_abbrev  0x000044da      0x4c4 _build/nrf52840_xxaa/nrf_drv_clock.c.o
 .debug_abbrev  0x0000499e      0x293 _build/nrf52840_xxaa/nrf_drv_power.c.o
 .debug_abbrev  0x00004c31      0x216 _build/nrf52840_xxaa/nrfx_atomic.c.o
 .debug_abbrev  0x00004e47      0x4c2 _build/nrf52840_xxaa/nrfx_clock.c.o
 .debug_abbrev  0x00005309      0x52a _build/nrf52840_xxaa/nrfx_power.c.o
 .debug_abbrev  0x00005833      0x716 _build/nrf52840_xxaa/nrfx_usbd.c.o
 .debug_abbrev  0x00005f49      0x523 _build/nrf52840_xxaa/nrfx_gpiote.c.o
 .debug_abbrev  0x0000646c      0x76b _build/nrf52840_xxaa/nrf_log_frontend.c.o
 .debug_abbrev  0x00006bd7      0x65d _build/nrf52840_xxaa/main.c.o

.debug_aranges  0x00000000      0xf48
 .debug_aranges
                0x00000000       0x20 _build/nrf52840_xxaa/gcc_startup_nrf52840.S.o
 .debug_aranges
                0x00000020       0x38 _build/nrf52840_xxaa/system_nrf52840.c.o
 .debug_aranges
                0x00000058       0x28 _build/nrf52840_xxaa/app_error.c.o
 .debug_aranges
                0x00000080       0x20 _build/nrf52840_xxaa/app_error_weak.c.o
 .debug_aranges
                0x000000a0       0x48 _build/nrf52840_xxaa/app_util_platform.c.o
 .debug_aranges
                0x000000e8      0x180 _build/nrf52840_xxaa/app_usbd.c.o
 .debug_aranges
                0x00000268       0x78 _build/nrf52840_xxaa/app_usbd_cdc_acm.c.o
 .debug_aranges
                0x000002e0       0x68 _build/nrf52840_xxaa/app_usbd_core.c.o
 .debug_aranges
                0x00000348       0x20 _build/nrf52840_xxaa/app_usbd_serial_num.c.o
 .debug_aranges
                0x00000368       0x20 _build/nrf52840_xxaa/app_usbd_string_desc.c.o
 .debug_aranges
                0x00000388       0xb0 _build/nrf52840_xxaa/nrf_atomic.c.o
 .debug_aranges
                0x00000438       0x58 _build/nrf52840_xxaa/nrf_atfifo.c.o
 .debug_aranges
                0x00000490       0x38 _build/nrf52840_xxaa/nrf_balloc.c.o
 .debug_aranges
                0x000004c8       0x50 _build/nrf52840_xxaa/nrf_memobj.c.o
 .debug_aranges
                0x00000518       0x90 _build/nrf52840_xxaa/nrf_queue.c.o
 .debug_aranges
                0x000005a8       0x40 _build/nrf52840_xxaa/nrf_sortlist.c.o
 .debug_aranges
                0x000005e8       0x78 _build/nrf52840_xxaa/app_timer2.c.o
 .debug_aranges
                0x00000660       0xb0 _build/nrf52840_xxaa/drv_rtc.c.o
 .debug_aranges
                0x00000710       0x38 _build/nrf52840_xxaa/nrf_pwr_mgmt.c.o
 .debug_aranges
                0x00000748       0x20 _build/nrf52840_xxaa/hardfault_handler_gcc.c.o
 .debug_aranges
                0x00000768       0x28 _build/nrf52840_xxaa/hardfault_implementation.c.o
 .debug_aranges
                0x00000790       0x80 _build/nrf52840_xxaa/nrf_drv_clock.c.o
 .debug_aranges
                0x00000810       0x60 _build/nrf52840_xxaa/nrf_drv_power.c.o
 .debug_aranges
                0x00000870       0xb0 _build/nrf52840_xxaa/nrfx_atomic.c.o
 .debug_aranges
                0x00000920       0x80 _build/nrf52840_xxaa/nrfx_clock.c.o
 .debug_aranges
                0x000009a0       0xa8 _build/nrf52840_xxaa/nrfx_power.c.o
 .debug_aranges
                0x00000a48      0x260 _build/nrf52840_xxaa/nrfx_usbd.c.o
 .debug_aranges
                0x00000ca8       0xf8 _build/nrf52840_xxaa/nrfx_gpiote.c.o
 .debug_aranges
                0x00000da0      0x150 _build/nrf52840_xxaa/nrf_log_frontend.c.o
 .debug_aranges
                0x00000ef0       0x58 _build/nrf52840_xxaa/main.c.o

.debug_str      0x00000000    0xadc14
 .debug_str     0x00000000    0xadc14 _build/nrf52840_xxaa/gcc_startup_nrf52840.S.o
                                0x479 (size before relaxing)
 .debug_str     0x000adc14    0x7eba0 _build/nrf52840_xxaa/system_nrf52840.c.o
 .debug_str     0x000adc14    0x7a0c1 _build/nrf52840_xxaa/app_error.c.o
 .debug_str     0x000adc14    0x89448 _build/nrf52840_xxaa/app_error_weak.c.o
 .debug_str     0x000adc14    0x7a930 _build/nrf52840_xxaa/app_util_platform.c.o
 .debug_str     0x000adc14    0x99ef7 _build/nrf52840_xxaa/app_usbd.c.o
 .debug_str     0x000adc14    0x9b551 _build/nrf52840_xxaa/app_usbd_cdc_acm.c.o
 .debug_str     0x000adc14    0x998ef _build/nrf52840_xxaa/app_usbd_core.c.o
 .debug_str     0x000adc14    0x956f1 _build/nrf52840_xxaa/app_usbd_serial_num.c.o
 .debug_str     0x000adc14    0x95d3d _build/nrf52840_xxaa/app_usbd_string_desc.c.o
 .debug_str     0x000adc14    0x84f36 _build/nrf52840_xxaa/nrf_atomic.c.o
 .debug_str     0x000adc14    0x878e4 _build/nrf52840_xxaa/nrf_atfifo.c.o
 .debug_str     0x000adc14    0x8d72a _build/nrf52840_xxaa/nrf_balloc.c.o
 .debug_str     0x000adc14    0x870cd _build/nrf52840_xxaa/nrf_memobj.c.o
 .debug_str     0x000adc14    0x8d8da _build/nrf52840_xxaa/nrf_queue.c.o
 .debug_str     0x000adc14    0x8762b _build/nrf52840_xxaa/nrf_sortlist.c.o
 .debug_str     0x000adc14    0x8ccc1 _build/nrf52840_xxaa/app_timer2.c.o
 .debug_str     0x000adc14    0x8c4c9 _build/nrf52840_xxaa/drv_rtc.c.o
 .debug_str     0x000adc14    0x8daa4 _build/nrf52840_xxaa/nrf_pwr_mgmt.c.o
 .debug_str     0x000adc14    0x84856 _build/nrf52840_xxaa/hardfault_handler_gcc.c.o
 .debug_str     0x000adc14    0x89558 _build/nrf52840_xxaa/hardfault_implementation.c.o
 .debug_str     0x000adc14    0x8bdbf _build/nrf52840_xxaa/nrf_drv_clock.c.o
 .debug_str     0x000adc14    0x89835 _build/nrf52840_xxaa/nrf_drv_power.c.o
 .debug_str     0x000adc14    0x889c1 _build/nrf52840_xxaa/nrfx_atomic.c.o
 .debug_str     0x000adc14    0x8c415 _build/nrf52840_xxaa/nrfx_clock.c.o
 .debug_str     0x000adc14    0x89851 _build/nrf52840_xxaa/nrfx_power.c.o
 .debug_str     0x000adc14    0x96454 _build/nrf52840_xxaa/nrfx_usbd.c.o
 .debug_str     0x000adc14    0x8d7eb _build/nrf52840_xxaa/nrfx_gpiote.c.o
 .debug_str     0x000adc14    0x8e7e0 _build/nrf52840_xxaa/nrf_log_frontend.c.o
 .debug_str     0x000adc14    0x97de2 _build/nrf52840_xxaa/main.c.o

.debug_loclists
                0x00000000    0x1962d
 .debug_loclists
                0x00000000      0x147 _build/nrf52840_xxaa/system_nrf52840.c.o
 .debug_loclists
                0x00000147       0xb5 _build/nrf52840_xxaa/app_error.c.o
 .debug_loclists
                0x000001fc       0x66 _build/nrf52840_xxaa/app_error_weak.c.o
 .debug_loclists
                0x00000262       0xb6 _build/nrf52840_xxaa/app_util_platform.c.o
 .debug_loclists
                0x00000318     0x2ce9 _build/nrf52840_xxaa/app_usbd.c.o
 .debug_loclists
                0x00003001     0x3317 _build/nrf52840_xxaa/app_usbd_cdc_acm.c.o
 .debug_loclists
                0x00006318      0xea5 _build/nrf52840_xxaa/app_usbd_core.c.o
 .debug_loclists
                0x000071bd       0x7f _build/nrf52840_xxaa/app_usbd_serial_num.c.o
 .debug_loclists
                0x0000723c      0x179 _build/nrf52840_xxaa/app_usbd_string_desc.c.o
 .debug_loclists
                0x000073b5      0x336 _build/nrf52840_xxaa/nrf_atomic.c.o
 .debug_loclists
                0x000076eb      0x4a8 _build/nrf52840_xxaa/nrf_atfifo.c.o
 .debug_loclists
                0x00007b93      0x3bf _build/nrf52840_xxaa/nrf_balloc.c.o
 .debug_loclists
                0x00007f52      0xaad _build/nrf52840_xxaa/nrf_memobj.c.o
 .debug_loclists
                0x000089ff      0xe5e _build/nrf52840_xxaa/nrf_queue.c.o
 .debug_loclists
                0x0000985d      0x10f _build/nrf52840_xxaa/nrf_sortlist.c.o
 .debug_loclists
                0x0000996c      0x5e9 _build/nrf52840_xxaa/app_timer2.c.o
 .debug_loclists
                0x00009f55      0xc76 _build/nrf52840_xxaa/drv_rtc.c.o
 .debug_loclists
                0x0000abcb       0xd7 _build/nrf52840_xxaa/nrf_pwr_mgmt.c.o
 .debug_loclists
                0x0000aca2       0x60 _build/nrf52840_xxaa/hardfault_implementation.c.o
 .debug_loclists
                0x0000ad02      0x263 _build/nrf52840_xxaa/nrf_drv_clock.c.o
 .debug_loclists
                0x0000af65       0xc0 _build/nrf52840_xxaa/nrf_drv_power.c.o
 .debug_loclists
                0x0000b025      0x32a _build/nrf52840_xxaa/nrfx_atomic.c.o
 .debug_loclists
                0x0000b34f      0x22e _build/nrf52840_xxaa/nrfx_clock.c.o
 .debug_loclists
                0x0000b57d      0x3f0 _build/nrf52840_xxaa/nrfx_power.c.o
 .debug_loclists
                0x0000b96d     0x2c35 _build/nrf52840_xxaa/nrfx_usbd.c.o
 .debug_loclists
                0x0000e5a2     0x2925 _build/nrf52840_xxaa/nrfx_gpiote.c.o
 .debug_loclists
                0x00010ec7     0x3fb8 _build/nrf52840_xxaa/nrf_log_frontend.c.o
 .debug_loclists
                0x00014e7f     0x47ae _build/nrf52840_xxaa/main.c.o

.debug_rnglists
                0x00000000     0x5283
 .debug_rnglists
                0x00000000       0x89 _build/nrf52840_xxaa/system_nrf52840.c.o
 .debug_rnglists
                0x00000089       0x19 _build/nrf52840_xxaa/app_error.c.o
 .debug_rnglists
                0x000000a2       0x20 _build/nrf52840_xxaa/app_error_weak.c.o
 .debug_rnglists
                0x000000c2       0x31 _build/nrf52840_xxaa/app_util_platform.c.o
 .debug_rnglists
                0x000000f3      0x919 _build/nrf52840_xxaa/app_usbd.c.o
 .debug_rnglists
                0x00000a0c      0x673 _build/nrf52840_xxaa/app_usbd_cdc_acm.c.o
 .debug_rnglists
                0x0000107f      0x2e7 _build/nrf52840_xxaa/app_usbd_core.c.o
 .debug_rnglists
                0x00001366       0x13 _build/nrf52840_xxaa/app_usbd_serial_num.c.o
 .debug_rnglists
                0x00001379       0x2f _build/nrf52840_xxaa/app_usbd_string_desc.c.o
 .debug_rnglists
                0x000013a8      0x142 _build/nrf52840_xxaa/nrf_atomic.c.o
 .debug_rnglists
                0x000014ea       0xc6 _build/nrf52840_xxaa/nrf_atfifo.c.o
 .debug_rnglists
                0x000015b0       0x6e _build/nrf52840_xxaa/nrf_balloc.c.o
 .debug_rnglists
                0x0000161e       0x71 _build/nrf52840_xxaa/nrf_memobj.c.o
 .debug_rnglists
                0x0000168f      0x258 _build/nrf52840_xxaa/nrf_queue.c.o
 .debug_rnglists
                0x000018e7       0x2b _build/nrf52840_xxaa/nrf_sortlist.c.o
 .debug_rnglists
                0x00001912      0x162 _build/nrf52840_xxaa/app_timer2.c.o
 .debug_rnglists
                0x00001a74      0x1e7 _build/nrf52840_xxaa/drv_rtc.c.o
 .debug_rnglists
                0x00001c5b       0x84 _build/nrf52840_xxaa/nrf_pwr_mgmt.c.o
 .debug_rnglists
                0x00001cdf       0x13 _build/nrf52840_xxaa/hardfault_handler_gcc.c.o
 .debug_rnglists
                0x00001cf2       0x2b _build/nrf52840_xxaa/hardfault_implementation.c.o
 .debug_rnglists
                0x00001d1d       0xc1 _build/nrf52840_xxaa/nrf_drv_clock.c.o
 .debug_rnglists
                0x00001dde       0x4f _build/nrf52840_xxaa/nrf_drv_power.c.o
 .debug_rnglists
                0x00001e2d      0x142 _build/nrf52840_xxaa/nrfx_atomic.c.o
 .debug_rnglists
                0x00001f6f      0x17e _build/nrf52840_xxaa/nrfx_clock.c.o
 .debug_rnglists
                0x000020ed      0x1be _build/nrf52840_xxaa/nrfx_power.c.o
 .debug_rnglists
                0x000022ab     0x1209 _build/nrf52840_xxaa/nrfx_usbd.c.o
 .debug_rnglists
                0x000034b4      0x97f _build/nrf52840_xxaa/nrfx_gpiote.c.o
 .debug_rnglists
                0x00003e33      0x7ff _build/nrf52840_xxaa/nrf_log_frontend.c.o
 .debug_rnglists
                0x00004632      0xc51 _build/nrf52840_xxaa/main.c.o

.debug_macro    0x00000000    0x1edb2
 .debug_macro   0x00000000      0x158 _build/nrf52840_xxaa/system_nrf52840.c.o
 .debug_macro   0x00000158      0xaea _build/nrf52840_xxaa/system_nrf52840.c.o
 .debug_macro   0x00000c42       0x22 _build/nrf52840_xxaa/system_nrf52840.c.o
 .debug_macro   0x00000c64       0x56 _build/nrf52840_xxaa/system_nrf52840.c.o
 .debug_macro   0x00000cba       0x51 _build/nrf52840_xxaa/system_nrf52840.c.o
 .debug_macro   0x00000d0b      0x103 _build/nrf52840_xxaa/system_nrf52840.c.o
 .debug_macro   0x00000e0e       0x6a _build/nrf52840_xxaa/system_nrf52840.c.o
 .debug_macro   0x00000e78      0x1df _build/nrf52840_xxaa/system_nrf52840.c.o
 .debug_macro   0x00001057       0x22 _build/nrf52840_xxaa/system_nrf52840.c.o
 .debug_macro   0x00001079       0x22 _build/nrf52840_xxaa/system_nrf52840.c.o
 .debug_macro   0x0000109b       0x3b _build/nrf52840_xxaa/system_nrf52840.c.o
 .debug_macro   0x000010d6       0x1c _build/nrf52840_xxaa/system_nrf52840.c.o
 .debug_macro   0x000010f2       0x22 _build/nrf52840_xxaa/system_nrf52840.c.o
 .debug_macro   0x00001114       0xfb _build/nrf52840_xxaa/system_nrf52840.c.o
 .debug_macro   0x0000120f     0x1011 _build/nrf52840_xxaa/system_nrf52840.c.o
 .debug_macro   0x00002220      0x11f _build/nrf52840_xxaa/system_nrf52840.c.o
 .debug_macro   0x0000233f      0x410 _build/nrf52840_xxaa/system_nrf52840.c.o
 .debug_macro   0x0000274f    0x10d6b _build/nrf52840_xxaa/system_nrf52840.c.o
 .debug_macro   0x000134ba      0xa65 _build/nrf52840_xxaa/system_nrf52840.c.o
 .debug_macro   0x00013f1f       0x96 _build/nrf52840_xxaa/system_nrf52840.c.o
 .debug_macro   0x00013fb5       0x40 _build/nrf52840_xxaa/system_nrf52840.c.o
 .debug_macro   0x00013ff5      0x462 _build/nrf52840_xxaa/system_nrf52840.c.o
 .debug_macro   0x00014457      0x44e _build/nrf52840_xxaa/system_nrf52840.c.o
 .debug_macro   0x000148a5      0xa28 _build/nrf52840_xxaa/system_nrf52840.c.o
 .debug_macro   0x000152cd      0x520 _build/nrf52840_xxaa/system_nrf52840.c.o